0 verbose cli /usr/bin/node-22 /usr/bin/npm
1 info using npm@10.9.8
2 info using node@v22.23.1
3 silly config load:file:/usr/lib/node_modules_22/npm/npmrc
4 silly config load:file:/home/emre/Projects/SourDough/SourDoughMobile/.npmrc
5 silly config load:file:/home/emre/.npmrc
6 silly config load:file:/etc/npmrc
7 verbose title npm install pngjs@7
8 verbose argv "install" "--no-save" "pngjs@7" "--cache" "/home/emre/Projects/SourDough/.npm-cache"
9 verbose logfile logs-max:10 dir:/home/emre/Projects/SourDough/.npm-cache/_logs/2026-08-15T12_59_43_389Z-
10 verbose logfile /home/emre/Projects/SourDough/.npm-cache/_logs/2026-08-15T12_59_43_389Z-debug-0.log
11 silly logfile done cleaning log files
12 silly packumentCache heap:4345298944 maxSize:1086324736 maxEntrySize:543162368
13 silly idealTree buildDeps
14 silly fetch manifest pngjs@7
15 silly packumentCache full:https://registry.npmjs.org/pngjs cache-miss
16 http fetch GET 200 https://registry.npmjs.org/pngjs 677ms (cache miss)
17 silly packumentCache full:https://registry.npmjs.org/pngjs set size:undefined disposed:false
18 silly placeDep ROOT pngjs@7.0.0 REPLACE for: sourdoughmobile@3.0.0 want: 7
19 silly fetch manifest @expo/sdk-runtime-versions@^1.0.0
20 silly packumentCache full:https://registry.npmjs.org/@expo%2fsdk-runtime-versions cache-miss
21 http fetch GET 200 https://registry.npmjs.org/@expo%2fsdk-runtime-versions 63ms (cache miss)
22 silly packumentCache full:https://registry.npmjs.org/@expo%2fsdk-runtime-versions set size:undefined disposed:false
23 silly placeDep node_modules/@expo/config-plugins @expo/sdk-runtime-versions@1.0.0 OK for: @expo/config-plugins@56.0.14 want: ^1.0.0
24 silly fetch manifest babel-plugin-react-compiler@^1.0.0
25 silly packumentCache full:https://registry.npmjs.org/babel-plugin-react-compiler cache-miss
26 http fetch GET 200 https://registry.npmjs.org/babel-plugin-react-compiler 98ms (cache miss)
27 silly packumentCache full:https://registry.npmjs.org/babel-plugin-react-compiler set size:undefined disposed:false
28 silly placeDep node_modules/babel-preset-expo babel-plugin-react-compiler@1.0.0 OK for: babel-preset-expo@56.0.19 want: ^1.0.0
29 silly fetch manifest @babel/types@^7.26.0
30 silly packumentCache full:https://registry.npmjs.org/@babel%2ftypes cache-miss
31 http fetch GET 200 https://registry.npmjs.org/@babel%2ftypes 87ms (cache miss)
32 silly packumentCache full:https://registry.npmjs.org/@babel%2ftypes set size:undefined disposed:false
33 silly fetch manifest delayed-stream@~1.0.0
34 silly packumentCache full:https://registry.npmjs.org/delayed-stream cache-miss
35 http fetch GET 200 https://registry.npmjs.org/delayed-stream 81ms (cache miss)
36 silly packumentCache full:https://registry.npmjs.org/delayed-stream set size:undefined disposed:false
37 silly placeDep node_modules/combined-stream delayed-stream@1.0.0 OK for: combined-stream@1.0.8 want: ~1.0.0
38 silly fetch manifest unpipe@~1.0.0
39 silly packumentCache full:https://registry.npmjs.org/unpipe cache-miss
40 http fetch GET 200 https://registry.npmjs.org/unpipe 37ms (cache miss)
41 silly packumentCache full:https://registry.npmjs.org/unpipe set size:undefined disposed:false
42 silly placeDep node_modules/finalhandler unpipe@1.0.0 OK for: finalhandler@1.1.2 want: ~1.0.0
43 silly fetch manifest wordwrap@^1.0.0
44 silly packumentCache full:https://registry.npmjs.org/wordwrap cache-miss
45 http fetch GET 200 https://registry.npmjs.org/wordwrap 36ms (cache miss)
46 silly packumentCache full:https://registry.npmjs.org/wordwrap set size:undefined disposed:false
47 silly placeDep node_modules/handlebars wordwrap@1.0.0 OK for: handlebars@4.7.9 want: ^1.0.0
48 silly fetch manifest pngjs@^3.3.0
49 silly packumentCache full:https://registry.npmjs.org/pngjs cache-miss
50 http cache https://registry.npmjs.org/pngjs 9ms (cache hit)
51 silly packumentCache full:https://registry.npmjs.org/pngjs set size:70154 disposed:false
52 silly placeDep node_modules/parse-png pngjs@3.4.0 OK for: parse-png@2.1.0 want: ^3.3.0
53 silly fetch manifest supports-preserve-symlinks-flag@^1.0.0
54 silly packumentCache full:https://registry.npmjs.org/supports-preserve-symlinks-flag cache-miss
55 http fetch GET 200 https://registry.npmjs.org/supports-preserve-symlinks-flag 37ms (cache miss)
56 silly packumentCache full:https://registry.npmjs.org/supports-preserve-symlinks-flag set size:undefined disposed:false
57 silly placeDep node_modules/resolve supports-preserve-symlinks-flag@1.0.0 OK for: resolve@1.22.12 want: ^1.0.0
58 silly fetch manifest requires-port@^1.0.0
59 silly packumentCache full:https://registry.npmjs.org/requires-port cache-miss
60 http fetch GET 200 https://registry.npmjs.org/requires-port 47ms (cache miss)
61 silly packumentCache full:https://registry.npmjs.org/requires-port set size:undefined disposed:false
62 silly placeDep node_modules/url-parse requires-port@1.0.0 OK for: url-parse@1.5.10 want: ^1.0.0
63 silly fetch manifest fs.realpath@^1.0.0
64 silly packumentCache full:https://registry.npmjs.org/fs.realpath cache-miss
65 http fetch GET 200 https://registry.npmjs.org/fs.realpath 36ms (cache miss)
66 silly packumentCache full:https://registry.npmjs.org/fs.realpath set size:undefined disposed:false
67 silly placeDep node_modules/@jest/reporters fs.realpath@1.0.0 OK for: glob@7.2.3 want: ^1.0.0
68 silly placeDep node_modules/jest-config fs.realpath@1.0.0 OK for: glob@7.2.3 want: ^1.0.0
69 silly placeDep node_modules/jest-runtime fs.realpath@1.0.0 OK for: glob@7.2.3 want: ^1.0.0
70 silly fetch manifest negotiator@^1.0.0
71 silly packumentCache full:https://registry.npmjs.org/negotiator cache-miss
72 http fetch GET 200 https://registry.npmjs.org/negotiator 38ms (cache miss)
73 silly packumentCache full:https://registry.npmjs.org/negotiator set size:undefined disposed:false
74 silly placeDep node_modules/metro/node_modules/accepts negotiator@1.0.0 OK for: accepts@2.0.0 want: ^1.0.0
75 silly placeDep node_modules/test-exclude fs.realpath@1.0.0 OK for: glob@7.2.3 want: ^1.0.0
76 silly reify mark retired [ '/home/emre/Projects/SourDough/SourDoughMobile/node_modules/pngjs' ]
77 silly reify moves {
77 silly reify   '/home/emre/Projects/SourDough/SourDoughMobile/node_modules/pngjs': '/home/emre/Projects/SourDough/SourDoughMobile/node_modules/.pngjs-kn4sv75W'
77 silly reify }
78 silly audit bulk request {
78 silly audit   '@adobe/css-tools': [ '4.5.0' ],
78 silly audit   '@babel/code-frame': [ '7.29.7' ],
78 silly audit   '@babel/compat-data': [ '7.29.7' ],
78 silly audit   '@babel/core': [ '7.29.7' ],
78 silly audit   semver: [ '6.3.1', '7.8.4' ],
78 silly audit   '@babel/generator': [ '7.29.7' ],
78 silly audit   '@babel/helper-annotate-as-pure': [ '7.29.7' ],
78 silly audit   '@babel/helper-compilation-targets': [ '7.29.7' ],
78 silly audit   '@babel/helper-create-class-features-plugin': [ '7.29.7' ],
78 silly audit   '@babel/helper-create-regexp-features-plugin': [ '7.29.7' ],
78 silly audit   '@babel/helper-define-polyfill-provider': [ '0.6.8' ],
78 silly audit   '@babel/helper-globals': [ '7.29.7' ],
78 silly audit   '@babel/helper-member-expression-to-functions': [ '7.29.7' ],
78 silly audit   '@babel/helper-module-imports': [ '7.29.7' ],
78 silly audit   '@babel/helper-module-transforms': [ '7.29.7' ],
78 silly audit   '@babel/helper-optimise-call-expression': [ '7.29.7' ],
78 silly audit   '@babel/helper-plugin-utils': [ '7.29.7' ],
78 silly audit   '@babel/helper-remap-async-to-generator': [ '7.29.7' ],
78 silly audit   '@babel/helper-replace-supers': [ '7.29.7' ],
78 silly audit   '@babel/helper-skip-transparent-expression-wrappers': [ '7.29.7' ],
78 silly audit   '@babel/helper-string-parser': [ '7.29.7' ],
78 silly audit   '@babel/helper-validator-identifier': [ '7.29.7' ],
78 silly audit   '@babel/helper-validator-option': [ '7.29.7' ],
78 silly audit   '@babel/helper-wrap-function': [ '7.29.7' ],
78 silly audit   '@babel/helpers': [ '7.29.7' ],
78 silly audit   '@babel/parser': [ '7.29.7' ],
78 silly audit   '@babel/plugin-proposal-decorators': [ '7.29.7' ],
78 silly audit   '@babel/plugin-proposal-export-default-from': [ '7.29.7' ],
78 silly audit   '@babel/plugin-syntax-async-generators': [ '7.8.4' ],
78 silly audit   '@babel/plugin-syntax-bigint': [ '7.8.3' ],
78 silly audit   '@babel/plugin-syntax-class-properties': [ '7.12.13' ],
78 silly audit   '@babel/plugin-syntax-class-static-block': [ '7.14.5' ],
78 silly audit   '@babel/plugin-syntax-decorators': [ '7.29.7' ],
78 silly audit   '@babel/plugin-syntax-dynamic-import': [ '7.8.3' ],
78 silly audit   '@babel/plugin-syntax-export-default-from': [ '7.29.7' ],
78 silly audit   '@babel/plugin-syntax-flow': [ '7.29.7' ],
78 silly audit   '@babel/plugin-syntax-import-attributes': [ '7.29.7' ],
78 silly audit   '@babel/plugin-syntax-import-meta': [ '7.10.4' ],
78 silly audit   '@babel/plugin-syntax-json-strings': [ '7.8.3' ],
78 silly audit   '@babel/plugin-syntax-jsx': [ '7.29.7' ],
78 silly audit   '@babel/plugin-syntax-logical-assignment-operators': [ '7.10.4' ],
78 silly audit   '@babel/plugin-syntax-nullish-coalescing-operator': [ '7.8.3' ],
78 silly audit   '@babel/plugin-syntax-numeric-separator': [ '7.10.4' ],
78 silly audit   '@babel/plugin-syntax-object-rest-spread': [ '7.8.3' ],
78 silly audit   '@babel/plugin-syntax-optional-catch-binding': [ '7.8.3' ],
78 silly audit   '@babel/plugin-syntax-optional-chaining': [ '7.8.3' ],
78 silly audit   '@babel/plugin-syntax-private-property-in-object': [ '7.14.5' ],
78 silly audit   '@babel/plugin-syntax-top-level-await': [ '7.14.5' ],
78 silly audit   '@babel/plugin-syntax-typescript': [ '7.29.7' ],
78 silly audit   '@babel/plugin-transform-arrow-functions': [ '7.29.7' ],
78 silly audit   '@babel/plugin-transform-async-generator-functions': [ '7.29.7' ],
78 silly audit   '@babel/plugin-transform-async-to-generator': [ '7.29.7' ],
78 silly audit   '@babel/plugin-transform-block-scoping': [ '7.29.7' ],
78 silly audit   '@babel/plugin-transform-class-properties': [ '7.29.7' ],
78 silly audit   '@babel/plugin-transform-class-static-block': [ '7.29.7' ],
78 silly audit   '@babel/plugin-transform-classes': [ '7.29.7' ],
78 silly audit   '@babel/plugin-transform-destructuring': [ '7.29.7' ],
78 silly audit   '@babel/plugin-transform-export-namespace-from': [ '7.29.7' ],
78 silly audit   '@babel/plugin-transform-flow-strip-types': [ '7.29.7' ],
78 silly audit   '@babel/plugin-transform-for-of': [ '7.29.7' ],
78 silly audit   '@babel/plugin-transform-logical-assignment-operators': [ '7.29.7' ],
78 silly audit   '@babel/plugin-transform-modules-commonjs': [ '7.29.7' ],
78 silly audit   '@babel/plugin-transform-named-capturing-groups-regex': [ '7.29.7' ],
78 silly audit   '@babel/plugin-transform-nullish-coalescing-operator': [ '7.29.7' ],
78 silly audit   '@babel/plugin-transform-object-rest-spread': [ '7.29.7' ],
78 silly audit   '@babel/plugin-transform-optional-catch-binding': [ '7.29.7' ],
78 silly audit   '@babel/plugin-transform-optional-chaining': [ '7.29.7' ],
78 silly audit   '@babel/plugin-transform-parameters': [ '7.29.7' ],
78 silly audit   '@babel/plugin-transform-private-methods': [ '7.29.7' ],
78 silly audit   '@babel/plugin-transform-private-property-in-object': [ '7.29.7' ],
78 silly audit   '@babel/plugin-transform-react-display-name': [ '7.29.7' ],
78 silly audit   '@babel/plugin-transform-react-jsx': [ '7.29.7' ],
78 silly audit   '@babel/plugin-transform-react-jsx-development': [ '7.29.7' ],
78 silly audit   '@babel/plugin-transform-react-jsx-self': [ '7.29.7' ],
78 silly audit   '@babel/plugin-transform-react-jsx-source': [ '7.29.7' ],
78 silly audit   '@babel/plugin-transform-react-pure-annotations': [ '7.29.7' ],
78 silly audit   '@babel/plugin-transform-regenerator': [ '7.29.7' ],
78 silly audit   '@babel/plugin-transform-runtime': [ '7.29.7' ],
78 silly audit   '@babel/plugin-transform-shorthand-properties': [ '7.29.7' ],
78 silly audit   '@babel/plugin-transform-template-literals': [ '7.29.7' ],
78 silly audit   '@babel/plugin-transform-typescript': [ '7.29.7' ],
78 silly audit   '@babel/plugin-transform-unicode-regex': [ '7.29.7' ],
78 silly audit   '@babel/preset-typescript': [ '7.29.7' ],
78 silly audit   '@babel/runtime': [ '7.29.7' ],
78 silly audit   '@babel/template': [ '7.29.7' ],
78 silly audit   '@babel/traverse': [ '7.29.7' ],
78 silly audit   '@babel/types': [ '7.29.7' ],
78 silly audit   '@bcoe/v8-coverage': [ '0.2.3' ],
78 silly audit   '@expo-google-fonts/material-symbols': [ '0.4.38' ],
78 silly audit   '@expo/code-signing-certificates': [ '0.0.6' ],
78 silly audit   '@expo/config': [ '56.0.13' ],
78 silly audit   '@expo/config-plugins': [ '56.0.14' ],
78 silly audit   '@expo/config-types': [ '56.0.7' ],
78 silly audit   '@expo/devcert': [ '1.2.1' ],
78 silly audit   debug: [ '3.2.7', '2.6.9', '4.4.3' ],
78 silly audit   '@expo/devtools': [ '56.0.2' ],
78 silly audit   '@expo/dom-webview': [ '56.0.6' ],
78 silly audit   '@expo/env': [ '2.4.2', '2.3.1' ],
78 silly audit   '@expo/expo-modules-macros-plugin': [ '0.2.2' ],
78 silly audit   '@expo/fingerprint': [ '0.19.9' ],
78 silly audit   '@expo/image-utils': [ '0.10.4' ],
78 silly audit   '@expo/inline-modules': [ '0.0.15' ],
78 silly audit   '@expo/json-file': [ '10.2.0', '11.0.1' ],
78 silly audit   '@expo/local-build-cache-provider': [ '56.0.11' ],
78 silly audit   '@expo/log-box': [ '56.0.14' ],
78 silly audit   '@expo/metro': [ '56.0.0' ],
78 silly audit   '@expo/metro-config': [ '56.0.18' ],
78 silly audit   '@expo/metro-file-map': [ '56.0.3' ],
78 silly audit   '@expo/metro-runtime': [ '56.0.19' ],
78 silly audit   '@expo/osascript': [ '2.7.1' ],
78 silly audit   '@expo/package-manager': [ '1.13.1' ],
78 silly audit   '@expo/plist': [ '0.7.0' ],
78 silly audit   '@expo/prebuild-config': [ '56.0.21' ],
78 silly audit   '@expo/require-utils': [ '56.1.6' ],
78 silly audit   '@expo/schema-utils': [ '56.0.2' ],
78 silly audit   '@expo/sdk-runtime-versions': [ '3.0.0' ],
78 silly audit   '@expo/spawn-async': [ '1.8.0' ],
78 silly audit   '@expo/sudo-prompt': [ '9.3.2' ],
78 silly audit   '@expo/ui': [ '56.0.19' ],
78 silly audit   '@expo/ws-tunnel': [ '2.0.0' ],
78 silly audit   '@expo/xcpretty': [ '4.4.4' ],
78 silly audit   argparse: [ '2.0.1', '1.0.10' ],
78 silly audit   'js-yaml': [ '4.3.1', '3.15.1' ],
78 silly audit   '@isaacs/ttlcache': [ '1.4.1' ],
78 silly audit   '@istanbuljs/load-nyc-config': [ '1.1.0' ],
78 silly audit   camelcase: [ '5.3.1', '6.3.0' ],
78 silly audit   '@istanbuljs/schema': [ '0.1.6' ],
78 silly audit   '@jest/console': [ '29.7.0' ],
78 silly audit   '@jest/core': [ '29.7.0' ],
78 silly audit   'strip-ansi': [ '6.0.1', '7.2.0', '5.2.0' ],
78 silly audit   '@jest/create-cache-key-function': [ '29.7.0' ],
78 silly audit   '@jest/environment': [ '29.7.0' ],
78 silly audit   '@jest/expect': [ '29.7.0' ],
78 silly audit   '@jest/expect-utils': [ '29.7.0' ],
78 silly audit   '@jest/fake-timers': [ '29.7.0' ],
78 silly audit   '@jest/globals': [ '29.7.0' ],
78 silly audit   '@jest/reporters': [ '29.7.0' ],
78 silly audit   'balanced-match': [ '1.0.2', '4.0.4' ],
78 silly audit   'brace-expansion': [ '1.1.18', '5.0.9' ],
78 silly audit   glob: [ '7.2.3', '13.0.6' ],
78 silly audit   'istanbul-lib-instrument': [ '6.0.3', '5.2.1' ],
78 silly audit   minimatch: [ '3.1.5', '10.2.6' ],
78 silly audit   '@jest/schemas': [ '29.6.3' ],
78 silly audit   '@jest/source-map': [ '29.6.3' ],
78 silly audit   '@jest/test-result': [ '29.7.0' ],
78 silly audit   '@jest/test-sequencer': [ '29.7.0' ],
78 silly audit   '@jest/transform': [ '29.7.0' ],
78 silly audit   '@jest/types': [ '29.6.3' ],
78 silly audit   '@jridgewell/gen-mapping': [ '0.3.13' ],
78 silly audit   '@jridgewell/remapping': [ '2.3.5' ],
78 silly audit   '@jridgewell/resolve-uri': [ '3.1.2' ],
78 silly audit   '@jridgewell/source-map': [ '0.3.11' ],
78 silly audit   '@jridgewell/sourcemap-codec': [ '1.5.5' ],
78 silly audit   '@jridgewell/trace-mapping': [ '0.3.31' ],
78 silly audit   '@radix-ui/primitive': [ '1.1.4' ],
78 silly audit   '@radix-ui/react-collection': [ '1.1.11' ],
78 silly audit   '@radix-ui/react-compose-refs': [ '1.1.3' ],
78 silly audit   '@radix-ui/react-context': [ '1.1.4' ],
78 silly audit   '@radix-ui/react-dialog': [ '1.1.18' ],
78 silly audit   '@radix-ui/react-direction': [ '1.1.2' ],
78 silly audit   '@radix-ui/react-dismissable-layer': [ '1.1.14' ],
78 silly audit   '@radix-ui/react-focus-guards': [ '1.1.4' ],
78 silly audit   '@radix-ui/react-focus-scope': [ '1.1.11' ],
78 silly audit   '@radix-ui/react-id': [ '1.1.2' ],
78 silly audit   '@radix-ui/react-portal': [ '1.1.13' ],
78 silly audit   '@radix-ui/react-presence': [ '1.1.6' ],
78 silly audit   '@radix-ui/react-primitive': [ '2.1.7' ],
78 silly audit   '@radix-ui/react-roving-focus': [ '1.1.14' ],
78 silly audit   '@radix-ui/react-slot': [ '1.3.0' ],
78 silly audit   '@radix-ui/react-tabs': [ '1.1.16' ],
78 silly audit   '@radix-ui/react-use-callback-ref': [ '1.1.2' ],
78 silly audit   '@radix-ui/react-use-controllable-state': [ '1.2.3' ],
78 silly audit   '@radix-ui/react-use-effect-event': [ '0.0.3' ],
78 silly audit   '@radix-ui/react-use-layout-effect': [ '1.1.2' ],
78 silly audit   '@react-native-async-storage/async-storage': [ '2.2.0' ],
78 silly audit   '@react-native-masked-view/masked-view': [ '0.3.2' ],
78 silly audit   '@react-native/assets-registry': [ '0.85.3' ],
78 silly audit   '@react-native/babel-plugin-codegen': [ '0.85.3' ],
78 silly audit   '@react-native/babel-preset': [ '0.85.3' ],
78 silly audit   '@react-native/codegen': [ '0.85.3' ],
78 silly audit   '@react-native/community-cli-plugin': [ '0.85.3' ],
78 silly audit   '@react-native/debugger-frontend': [ '0.85.3' ],
78 silly audit   '@react-native/debugger-shell': [ '0.85.3' ],
78 silly audit   '@react-native/dev-middleware': [ '0.85.3' ],
78 silly audit   ws: [ '7.5.11', '8.21.0' ],
78 silly audit   '@react-native/gradle-plugin': [ '0.85.3' ],
78 silly audit   '@react-native/jest-preset': [ '0.85.3' ],
78 silly audit   '@react-native/js-polyfills': [ '0.85.3' ],
78 silly audit   '@react-native/metro-babel-transformer': [ '0.85.3' ],
78 silly audit   '@react-native/metro-config': [ '0.85.3' ],
78 silly audit   '@react-native/normalize-colors': [ '0.85.3', '0.74.89' ],
78 silly audit   '@react-native/virtualized-lists': [ '0.85.3' ],
78 silly audit   '@sinclair/typebox': [ '0.27.10' ],
78 silly audit   '@sinonjs/commons': [ '3.0.1' ],
78 silly audit   '@sinonjs/fake-timers': [ '10.3.0' ],
78 silly audit   '@testing-library/dom': [ '10.4.1' ],
78 silly audit   'ansi-styles': [ '5.2.0', '4.3.0', '3.2.1' ],
78 silly audit   'pretty-format': [ '27.5.1', '29.7.0' ],
78 silly audit   'react-is': [ '17.0.2', '18.3.1', '19.2.7' ],
78 silly audit   '@testing-library/jest-dom': [ '6.9.1' ],
78 silly audit   'dom-accessibility-api': [ '0.6.3', '0.5.16' ],
78 silly audit   '@testing-library/user-event': [ '14.6.1' ],
78 silly audit   '@tootallnate/once': [ '2.0.1' ],
78 silly audit   '@types/aria-query': [ '5.0.4' ],
78 silly audit   '@types/babel__core': [ '7.20.5' ],
78 silly audit   '@types/babel__generator': [ '7.27.0' ],
78 silly audit   '@types/babel__template': [ '7.4.4' ],
78 silly audit   '@types/babel__traverse': [ '7.28.0' ],
78 silly audit   '@types/graceful-fs': [ '4.1.9' ],
78 silly audit   '@types/istanbul-lib-coverage': [ '2.0.6' ],
78 silly audit   '@types/istanbul-lib-report': [ '3.0.3' ],
78 silly audit   '@types/istanbul-reports': [ '3.0.4' ],
78 silly audit   '@types/jest': [ '29.5.14' ],
78 silly audit   '@types/jsdom': [ '20.0.1' ],
78 silly audit   '@types/node': [ '25.9.3' ],
78 silly audit   '@types/react': [ '19.2.17' ],
78 silly audit   '@types/react-test-renderer': [ '19.1.0' ],
78 silly audit   '@types/stack-utils': [ '2.0.3' ],
78 silly audit   '@types/tough-cookie': [ '4.0.5' ],
78 silly audit   '@types/yargs': [ '17.0.35' ],
78 silly audit   '@types/yargs-parser': [ '21.0.3' ],
78 silly audit   '@ungap/structured-clone': [ '1.3.1' ],
78 silly audit   '@xmldom/xmldom': [ '0.8.14', '0.9.11' ],
78 silly audit   abab: [ '2.0.6' ],
78 silly audit   'abort-controller': [ '3.0.0' ],
78 silly audit   accepts: [ '1.3.8', '2.0.0' ],
78 silly audit   acorn: [ '8.17.0' ],
78 silly audit   'acorn-globals': [ '7.0.1' ],
78 silly audit   'acorn-walk': [ '8.3.5' ],
78 silly audit   'agent-base': [ '7.1.4', '6.0.2' ],
78 silly audit   'agent-cli-detector': [ '0.1.5' ],
78 silly audit   anser: [ '1.4.10' ],
78 silly audit   'ansi-escapes': [ '4.3.2', '6.2.1' ],
78 silly audit   'type-fest': [ '0.21.3', '4.41.0', '0.7.1' ],
78 silly audit   'ansi-regex': [ '5.0.1', '6.2.2', '4.1.1' ],
78 silly audit   anymatch: [ '3.1.3' ],
78 silly audit   picomatch: [ '2.3.2', '4.0.4' ],
78 silly audit   arg: [ '5.0.2' ],
78 silly audit   'aria-hidden': [ '1.2.6' ],
78 silly audit   'aria-query': [ '5.3.0' ],
78 silly audit   asap: [ '2.0.6' ],
78 silly audit   asynckit: [ '0.4.0' ],
78 silly audit   'babel-jest': [ '29.7.0' ],
78 silly audit   'babel-plugin-istanbul': [ '6.1.1' ],
78 silly audit   'babel-plugin-jest-hoist': [ '29.6.3' ],
78 silly audit   'babel-plugin-polyfill-corejs2': [ '0.4.17' ],
78 silly audit   'babel-plugin-polyfill-corejs3': [ '0.13.0' ],
78 silly audit   'babel-plugin-polyfill-regenerator': [ '0.6.8' ],
78 silly audit   'babel-plugin-react-compiler': [ '3.0.0' ],
78 silly audit   'babel-plugin-react-native-web': [ '0.21.2' ],
78 silly audit   'babel-plugin-syntax-hermes-parser': [ '0.33.3' ],
78 silly audit   'babel-plugin-transform-flow-enums': [ '0.0.2' ],
78 silly audit   'babel-preset-current-node-syntax': [ '1.2.0' ],
78 silly audit   'babel-preset-expo': [ '56.0.19' ],
78 silly audit   'babel-preset-jest': [ '29.6.3' ],
78 silly audit   'base64-js': [ '1.5.1' ],
78 silly audit   'baseline-browser-mapping': [ '2.10.38' ],
78 silly audit   'big-integer': [ '1.6.52' ],
78 silly audit   'bplist-creator': [ '0.1.0' ],
78 silly audit   'bplist-parser': [ '0.3.1' ],
78 silly audit   braces: [ '3.0.3' ],
78 silly audit   browserslist: [ '4.28.2' ],
78 silly audit   'bs-logger': [ '0.2.6' ],
78 silly audit   bser: [ '2.1.1' ],
78 silly audit   'buffer-from': [ '1.1.2' ],
78 silly audit   bytes: [ '3.1.2' ],
78 silly audit   'call-bind-apply-helpers': [ '1.0.2' ],
78 silly audit   callsites: [ '3.1.0' ],
78 silly audit   'caniuse-lite': [ '1.0.30001799' ],
78 silly audit   chalk: [ '4.1.2', '3.0.0', '2.4.2' ],
78 silly audit   'char-regex': [ '1.0.2', '2.0.2' ],
78 silly audit   'chrome-launcher': [ '0.15.2' ],
78 silly audit   'chromium-edge-launcher': [ '0.3.0' ],
78 silly audit   'ci-info': [ '3.9.0', '2.0.0' ],
78 silly audit   'cjs-module-lexer': [ '1.4.3' ],
78 silly audit   'cli-cursor': [ '2.1.0' ],
78 silly audit   'cli-spinners': [ '2.9.2' ],
78 silly audit   'client-only': [ '0.0.1' ],
78 silly audit   cliui: [ '8.0.1' ],
78 silly audit   clone: [ '1.0.4' ],
78 silly audit   co: [ '4.6.0' ],
78 silly audit   'collect-v8-coverage': [ '1.0.3' ],
78 silly audit   color: [ '4.2.3' ],
78 silly audit   'color-convert': [ '2.0.1', '1.9.3' ],
78 silly audit   'color-name': [ '1.1.4', '1.1.3' ],
78 silly audit   'color-string': [ '1.9.1' ],
78 silly audit   'combined-stream': [ '1.0.8' ],
78 silly audit   commander: [ '7.2.0', '12.1.0', '2.20.3' ],
78 silly audit   compressible: [ '2.0.18' ],
78 silly audit   compression: [ '1.8.1' ],
78 silly audit   ms: [ '2.0.0', '2.1.3' ],
78 silly audit   negotiator: [ '0.6.4', '3.0.0', '0.6.3' ],
78 silly audit   'concat-map': [ '0.0.1' ],
78 silly audit   connect: [ '3.7.0' ],
78 silly audit   'convert-source-map': [ '2.0.0' ],
78 silly audit   'core-js-compat': [ '3.49.0' ],
78 silly audit   'create-jest': [ '29.7.0' ],
78 silly audit   'cross-fetch': [ '3.2.0' ],
78 silly audit   'cross-spawn': [ '7.0.6' ],
78 silly audit   'css-in-js-utils': [ '3.1.0' ],
78 silly audit   'css.escape': [ '1.5.1' ],
78 silly audit   cssom: [ '0.5.0', '0.3.8' ],
78 silly audit   cssstyle: [ '2.3.0' ],
78 silly audit   csstype: [ '3.2.3' ],
78 silly audit   'data-urls': [ '3.0.2' ],
78 silly audit   tr46: [ '3.0.0', '0.0.3' ],
78 silly audit   'webidl-conversions': [ '7.0.0', '3.0.1' ],
78 silly audit   'whatwg-url': [ '11.0.0', '5.0.0' ],
78 silly audit   'decimal.js': [ '10.6.0' ],
78 silly audit   'decode-uri-component': [ '0.2.2' ],
78 silly audit   dedent: [ '1.7.2' ],
78 silly audit   deepmerge: [ '4.3.1' ],
78 silly audit   defaults: [ '1.0.4' ],
78 silly audit   'delayed-stream': [ '3.0.0' ],
78 silly audit   depd: [ '2.0.0' ],
78 silly audit   dequal: [ '2.0.3' ],
78 silly audit   destroy: [ '1.2.0' ],
78 silly audit   'detect-libc': [ '2.1.2' ],
78 silly audit   'detect-newline': [ '3.1.0' ],
78 silly audit   'detect-node-es': [ '1.1.0' ],
78 silly audit   'diff-sequences': [ '29.6.3' ],
78 silly audit   'dnssd-advertise': [ '1.1.6' ],
78 silly audit   domexception: [ '4.0.0' ],
78 silly audit   'dunder-proto': [ '1.0.1' ],
78 silly audit   'ee-first': [ '1.1.1' ],
78 silly audit   'electron-to-chromium': [ '1.5.375' ],
78 silly audit   emittery: [ '0.13.1' ],
78 silly audit   'emoji-regex': [ '8.0.0' ],
78 silly audit   encodeurl: [ '1.0.2', '2.0.0' ],
78 silly audit   entities: [ '6.0.1' ],
78 silly audit   'error-ex': [ '1.3.4' ],
78 silly audit   'is-arrayish': [ '0.2.1', '0.3.4' ],
78 silly audit   'error-stack-parser': [ '2.1.4' ],
78 silly audit   'es-define-property': [ '1.0.1' ],
78 silly audit   'es-errors': [ '1.3.0' ],
78 silly audit   'es-object-atoms': [ '1.1.2' ],
78 silly audit   'es-set-tostringtag': [ '2.1.0' ],
78 silly audit   escalade: [ '3.2.0' ],
78 silly audit   'escape-html': [ '1.0.3' ],
78 silly audit   'escape-string-regexp': [ '4.0.0', '1.0.5', '2.0.0' ],
78 silly audit   escodegen: [ '2.1.0' ],
78 silly audit   'source-map': [ '0.6.1', '0.5.7', '0.5.6' ],
78 silly audit   esprima: [ '4.0.1' ],
78 silly audit   estraverse: [ '5.3.0' ],
78 silly audit   esutils: [ '2.0.3' ],
78 silly audit   etag: [ '1.8.1' ],
78 silly audit   'event-target-shim': [ '5.0.1' ],
78 silly audit   execa: [ '5.1.1' ],
78 silly audit   'mimic-fn': [ '2.1.0', '1.2.0' ],
78 silly audit   onetime: [ '5.1.2', '2.0.1' ],
78 silly audit   exit: [ '0.1.2' ],
78 silly audit   expect: [ '29.7.0' ],
78 silly audit   expo: [ '56.0.19' ],
78 silly audit   'expo-asset': [ '56.0.22' ],
78 silly audit   'expo-constants': [ '56.0.23' ],
78 silly audit   'expo-file-system': [ '56.0.9' ],
78 silly audit   'expo-font': [ '56.0.7' ],
78 silly audit   'expo-glass-effect': [ '56.0.4' ],
78 silly audit   'expo-keep-awake': [ '56.0.3' ],
78 silly audit   'expo-linking': [ '56.0.14' ],
78 silly audit   'expo-location': [ '56.0.19' ],
78 silly audit   'expo-modules-autolinking': [ '56.0.21' ],
78 silly audit   'expo-modules-core': [ '56.0.23' ],
78 silly audit   'expo-modules-jsi': [ '56.0.12' ],
78 silly audit   'expo-router': [ '56.2.12' ],
78 silly audit   'expo-server': [ '56.0.5' ],
78 silly audit   'expo-splash-screen': [ '56.0.14' ],
78 silly audit   'expo-status-bar': [ '56.0.4' ],
78 silly audit   'expo-store-review': [ '56.0.3' ],
78 silly audit   'expo-symbols': [ '56.0.6' ],
78 silly audit   '@expo/cli': [ '56.1.23' ],
78 silly audit   '@expo/router-server': [ '56.0.17' ],
78 silly audit   'exponential-backoff': [ '3.1.3' ],
78 silly audit   'fast-deep-equal': [ '3.1.3' ],
78 silly audit   'fast-json-stable-stringify': [ '2.1.0' ],
78 silly audit   'fb-dotslash': [ '0.5.8' ],
78 silly audit   'fb-watchman': [ '2.0.2' ],
78 silly audit   fbjs: [ '3.0.5' ],
78 silly audit   'fbjs-css-vars': [ '1.0.2' ],
78 silly audit   promise: [ '7.3.1', '8.3.0' ],
78 silly audit   fdir: [ '6.5.0' ],
78 silly audit   'fetch-nodeshim': [ '0.4.10' ],
78 silly audit   'fill-range': [ '7.1.1' ],
78 silly audit   'filter-obj': [ '1.1.0' ],
78 silly audit   finalhandler: [ '1.1.2' ],
78 silly audit   'find-up': [ '4.1.0' ],
78 silly audit   'flow-enums-runtime': [ '0.0.6' ],
78 silly audit   fontfaceobserver: [ '2.3.0' ],
78 silly audit   'form-data': [ '4.0.6' ],
78 silly audit   fresh: [ '0.5.2' ],
78 silly audit   'fs.realpath': [ '3.0.0' ],
78 silly audit   fsevents: [ '2.3.3' ],
78 silly audit   'function-bind': [ '1.1.2' ],
78 silly audit   gensync: [ '1.0.0-beta.2' ],
78 silly audit   'get-caller-file': [ '2.0.5' ],
78 silly audit   'get-intrinsic': [ '1.3.0' ],
78 silly audit   'get-nonce': [ '1.0.1' ],
78 silly audit   'get-package-type': [ '0.1.0' ],
78 silly audit   'get-proto': [ '1.0.1' ],
78 silly audit   'get-stream': [ '6.0.1' ],
78 silly audit   getenv: [ '2.0.0' ],
78 silly audit   gopd: [ '1.2.0' ],
78 silly audit   'graceful-fs': [ '4.2.11' ],
78 silly audit   handlebars: [ '4.7.9' ],
78 silly audit   'has-flag': [ '4.0.0', '3.0.0' ],
78 silly audit   'has-symbols': [ '1.1.0' ],
78 silly audit   'has-tostringtag': [ '1.0.2' ],
78 silly audit   hasown: [ '2.0.4' ],
78 silly audit   'hermes-compiler': [ '250829098.0.10' ],
78 silly audit   'hermes-estree': [ '0.33.3', '0.35.0' ],
78 silly audit   'hermes-parser': [ '0.33.3', '0.35.0' ],
78 silly audit   'hosted-git-info': [ '7.0.2' ],
78 silly audit   'lru-cache': [ '10.4.3', '5.1.1', '11.5.2' ],
78 silly audit   'html-encoding-sniffer': [ '3.0.0' ],
78 silly audit   'html-escaper': [ '2.0.2' ],
78 silly audit   'http-errors': [ '2.0.1' ],
78 silly audit   statuses: [ '2.0.2', '1.5.0' ],
78 silly audit   'http-proxy-agent': [ '5.0.0' ],
78 silly audit   'https-proxy-agent': [ '7.0.6', '5.0.1' ],
78 silly audit   'human-signals': [ '2.1.0' ],
78 silly audit   'hyphenate-style-name': [ '1.1.0' ],
78 silly audit   'iconv-lite': [ '0.6.3' ],
78 silly audit   ignore: [ '5.3.2' ],
78 silly audit   'image-size': [ '1.2.1' ],
78 silly audit   'import-local': [ '3.2.0' ],
78 silly audit   imurmurhash: [ '0.1.4' ],
78 silly audit   'indent-string': [ '4.0.0' ],
78 silly audit   inflight: [ '1.0.6' ],
78 silly audit   inherits: [ '2.0.4' ],
78 silly audit   'inline-style-prefixer': [ '7.0.1' ],
78 silly audit   invariant: [ '2.2.4' ],
78 silly audit   'is-core-module': [ '2.16.2' ],
78 silly audit   'is-docker': [ '2.2.1' ],
78 silly audit   'is-fullwidth-code-point': [ '3.0.0' ],
78 silly audit   'is-generator-fn': [ '2.1.0' ],
78 silly audit   'is-number': [ '7.0.0' ],
78 silly audit   'is-plain-obj': [ '2.1.0' ],
78 silly audit   'is-potential-custom-element-name': [ '1.0.1' ],
78 silly audit   'is-stream': [ '2.0.1' ],
78 silly audit   'is-wsl': [ '2.2.0' ],
78 silly audit   isexe: [ '2.0.0' ],
78 silly audit   'istanbul-lib-coverage': [ '3.2.2' ],
78 silly audit   'istanbul-lib-report': [ '3.0.1' ],
78 silly audit   'istanbul-lib-source-maps': [ '4.0.1' ],
78 silly audit   'istanbul-reports': [ '3.2.0' ],
78 silly audit   jest: [ '29.7.0' ],
78 silly audit   'jest-changed-files': [ '29.7.0' ],
78 silly audit   'jest-circus': [ '29.7.0' ],
78 silly audit   'jest-cli': [ '29.7.0' ],
78 silly audit   'jest-config': [ '29.7.0' ],
78 silly audit   'jest-diff': [ '29.7.0' ],
78 silly audit   'jest-docblock': [ '29.7.0' ],
78 silly audit   'jest-each': [ '29.7.0' ],
78 silly audit   'jest-environment-jsdom': [ '29.7.0' ],
78 silly audit   'jest-environment-node': [ '29.7.0' ],
78 silly audit   'jest-expo': [ '56.0.5' ],
78 silly audit   'jest-get-type': [ '29.6.3' ],
78 silly audit   'jest-haste-map': [ '29.7.0' ],
78 silly audit   'jest-leak-detector': [ '29.7.0' ],
78 silly audit   'jest-matcher-utils': [ '29.7.0' ],
78 silly audit   'jest-message-util': [ '29.7.0' ],
78 silly audit   'jest-mock': [ '29.7.0' ],
78 silly audit   'jest-pnp-resolver': [ '1.2.3' ],
78 silly audit   'jest-regex-util': [ '29.6.3' ],
78 silly audit   'jest-resolve': [ '29.7.0' ],
78 silly audit   'jest-resolve-dependencies': [ '29.7.0' ],
78 silly audit   'jest-runner': [ '29.7.0' ],
78 silly audit   'source-map-support': [ '0.5.13', '0.5.21' ],
78 silly audit   'jest-runtime': [ '29.7.0' ],
78 silly audit   'jest-snapshot': [ '29.7.0' ],
78 silly audit   'jest-util': [ '29.7.0' ],
78 silly audit   'jest-validate': [ '29.7.0' ],
78 silly audit   'jest-watch-select-projects': [ '2.0.0' ],
78 silly audit   'jest-watch-typeahead': [ '2.2.1' ],
78 silly audit   slash: [ '5.1.0', '3.0.0' ],
78 silly audit   'string-length': [ '5.0.1', '4.0.2' ],
78 silly audit   'jest-watcher': [ '29.7.0' ],
78 silly audit   'jest-worker': [ '29.7.0' ],
78 silly audit   'supports-color': [ '8.1.1', '5.5.0', '7.2.0' ],
78 silly audit   'jimp-compact': [ '0.16.1' ],
78 silly audit   'js-tokens': [ '4.0.0' ],
78 silly audit   'jsc-safe-url': [ '0.2.4' ],
78 silly audit   jsdom: [ '20.0.3' ],
78 silly audit   jsesc: [ '3.1.0' ],
78 silly audit   'json-parse-even-better-errors': [ '2.3.1' ],
78 silly audit   json5: [ '2.2.3' ],
78 silly audit   kleur: [ '3.0.3' ],
78 silly audit   'lan-network': [ '0.2.1' ],
78 silly audit   leven: [ '3.1.0' ],
78 silly audit   'lighthouse-logger': [ '1.4.2' ],
78 silly audit   lightningcss: [ '1.33.0' ],
78 silly audit   'lightningcss-android-arm64': [ '1.33.0' ],
78 silly audit   'lightningcss-darwin-arm64': [ '1.33.0' ],
78 silly audit   'lightningcss-darwin-x64': [ '1.33.0' ],
78 silly audit   'lightningcss-freebsd-x64': [ '1.33.0' ],
78 silly audit   'lightningcss-linux-arm-gnueabihf': [ '1.33.0' ],
78 silly audit   'lightningcss-linux-arm64-gnu': [ '1.33.0' ],
78 silly audit   'lightningcss-linux-arm64-musl': [ '1.33.0' ],
78 silly audit   'lightningcss-linux-x64-gnu': [ '1.33.0' ],
78 silly audit   'lightningcss-linux-x64-musl': [ '1.33.0' ],
78 silly audit   'lightningcss-win32-arm64-msvc': [ '1.33.0' ],
78 silly audit   'lightningcss-win32-x64-msvc': [ '1.33.0' ],
78 silly audit   'lines-and-columns': [ '1.2.4' ],
78 silly audit   'locate-path': [ '5.0.0' ],
78 silly audit   lodash: [ '4.18.1' ],
78 silly audit   'lodash.debounce': [ '4.0.8' ],
78 silly audit   'lodash.memoize': [ '4.1.2' ],
78 silly audit   'lodash.throttle': [ '4.1.1' ],
78 silly audit   'log-symbols': [ '2.2.0' ],
78 silly audit   'loose-envify': [ '1.4.0' ],
78 silly audit   'lz-string': [ '1.5.0' ],
78 silly audit   'make-dir': [ '4.0.0' ],
78 silly audit   'make-error': [ '1.3.6' ],
78 silly audit   makeerror: [ '1.0.12' ],
78 silly audit   marky: [ '1.3.0' ],
78 silly audit   'math-intrinsics': [ '1.1.0' ],
78 silly audit   'memoize-one': [ '5.2.1', '6.0.0' ],
78 silly audit   'merge-options': [ '3.0.4' ],
78 silly audit   'merge-stream': [ '2.0.0' ],
78 silly audit   metro: [ '0.84.4' ],
78 silly audit   'metro-babel-transformer': [ '0.84.4' ],
78 silly audit   'metro-cache': [ '0.84.4' ],
78 silly audit   'metro-cache-key': [ '0.84.4' ],
78 silly audit   'metro-config': [ '0.84.4' ],
78 silly audit   'metro-core': [ '0.84.4' ],
78 silly audit   'metro-file-map': [ '0.84.4' ],
78 silly audit   'metro-minify-terser': [ '0.84.4' ],
78 silly audit   'metro-resolver': [ '0.84.4' ],
78 silly audit   'metro-runtime': [ '0.84.4' ],
78 silly audit   'metro-source-map': [ '0.84.4' ],
78 silly audit   'metro-symbolicate': [ '0.84.4' ],
78 silly audit   'metro-transform-plugins': [ '0.84.4' ],
78 silly audit   'metro-transform-worker': [ '0.84.4' ],
78 silly audit   'mime-types': [ '3.0.2', '2.1.35' ],
78 silly audit   micromatch: [ '4.0.8' ],
78 silly audit   mime: [ '1.6.0' ],
78 silly audit   'mime-db': [ '1.54.0', '1.52.0' ],
78 silly audit   'min-indent': [ '1.0.1' ],
78 silly audit   minimist: [ '1.2.8' ],
78 silly audit   minipass: [ '7.1.3' ],
78 silly audit   mkdirp: [ '1.0.4' ],
78 silly audit   multitars: [ '1.0.2' ],
78 silly audit   nanoid: [ '3.3.18' ],
78 silly audit   'natural-compare': [ '1.4.0' ],
78 silly audit   'neo-async': [ '2.6.2' ],
78 silly audit   'node-fetch': [ '2.7.0' ],
78 silly audit   'node-forge': [ '1.4.0' ],
78 silly audit   'node-int64': [ '0.4.0' ],
78 silly audit   'node-releases': [ '2.0.48' ],
78 silly audit   'normalize-path': [ '3.0.0' ],
78 silly audit   'npm-package-arg': [ '11.0.3' ],
78 silly audit   'npm-run-path': [ '4.0.1' ],
78 silly audit   nullthrows: [ '1.1.1' ],
78 silly audit   nwsapi: [ '2.2.24' ],
78 silly audit   ob1: [ '0.84.4' ],
78 silly audit   'object-assign': [ '4.1.1' ],
78 silly audit   'on-finished': [ '2.3.0', '2.4.1' ],
78 silly audit   'on-headers': [ '1.1.0' ],
78 silly audit   once: [ '1.4.0' ],
78 silly audit   open: [ '7.4.2' ],
78 silly audit   ora: [ '3.4.0' ],
78 silly audit   'p-limit': [ '3.1.0', '2.3.0' ],
78 silly audit   'p-locate': [ '4.1.0' ],
78 silly audit   'p-try': [ '2.2.0' ],
78 silly audit   'parse-json': [ '5.2.0' ],
78 silly audit   'parse-png': [ '2.1.0' ],
78 silly audit   parse5: [ '7.3.0' ],
78 silly audit   parseurl: [ '1.3.3' ],
78 silly audit   'path-exists': [ '4.0.0' ],
78 silly audit   'path-is-absolute': [ '1.0.1' ],
78 silly audit   'path-key': [ '3.1.1' ],
78 silly audit   'path-parse': [ '1.0.7' ],
78 silly audit   'path-scurry': [ '2.0.2' ],
78 silly audit   picocolors: [ '1.1.1' ],
78 silly audit   pirates: [ '4.0.7' ],
78 silly audit   'pkg-dir': [ '4.2.0' ],
78 silly audit   plist: [ '3.1.1' ],
78 silly audit   postcss: [ '8.5.26' ],
78 silly audit   'postcss-value-parser': [ '4.2.0' ],
78 silly audit   'proc-log': [ '4.2.0' ],
78 silly audit   progress: [ '2.0.3' ],
78 silly audit   prompts: [ '2.4.2' ],
78 silly audit   psl: [ '1.15.0' ],
78 silly audit   punycode: [ '2.3.1' ],
78 silly audit   'pure-rand': [ '6.1.0' ],
78 silly audit   'query-string': [ '7.1.3' ],
78 silly audit   querystringify: [ '2.2.0' ],
78 silly audit   queue: [ '6.0.2' ],
78 silly audit   'range-parser': [ '1.2.1' ],
78 silly audit   react: [ '19.2.3' ],
78 silly audit   'react-devtools-core': [ '6.1.5' ],
78 silly audit   'react-dom': [ '19.2.3' ],
78 silly audit   'react-fast-compare': [ '3.2.2' ],
78 silly audit   'react-freeze': [ '1.0.4' ],
78 silly audit   'react-native': [ '0.85.3' ],
78 silly audit   'react-native-drawer-layout': [ '4.2.5' ],
78 silly audit   'react-native-gesture-handler': [ '3.0.1' ],
78 silly audit   'react-native-is-edge-to-edge': [ '1.3.1' ],
78 silly audit   'react-native-reanimated': [ '4.3.1' ],
78 silly audit   'react-native-safe-area-context': [ '5.7.0' ],
78 silly audit   'react-native-screens': [ '4.25.2' ],
78 silly audit   'react-native-web': [ '0.21.2' ],
78 silly audit   'react-native-worklets': [ '0.8.3' ],
78 silly audit   'react-refresh': [ '0.14.2' ],
78 silly audit   'react-remove-scroll': [ '2.7.2' ],
78 silly audit   'react-remove-scroll-bar': [ '2.3.8' ],
78 silly audit   'react-style-singleton': [ '2.2.3' ],
78 silly audit   'react-test-renderer': [ '19.2.3' ],
78 silly audit   redent: [ '3.0.0' ],
78 silly audit   regenerate: [ '1.4.2' ],
78 silly audit   'regenerate-unicode-properties': [ '10.2.2' ],
78 silly audit   'regenerator-runtime': [ '0.13.11' ],
78 silly audit   'regexpu-core': [ '6.4.0' ],
78 silly audit   regjsgen: [ '0.8.0' ],
78 silly audit   regjsparser: [ '0.13.2' ],
78 silly audit   'require-directory': [ '2.1.1' ],
78 silly audit   'requires-port': [ '3.0.0' ],
78 silly audit   resolve: [ '1.22.12' ],
78 silly audit   'resolve-cwd': [ '3.0.0' ],
78 silly audit   'resolve-from': [ '5.0.0' ],
78 silly audit   'resolve-workspace-root': [ '2.0.1' ],
78 silly audit   'resolve.exports': [ '2.0.3' ],
78 silly audit   'restore-cursor': [ '2.0.0' ],
78 silly audit   'safe-buffer': [ '5.2.1' ],
78 silly audit   'safer-buffer': [ '2.1.2' ],
78 silly audit   sax: [ '1.6.1' ],
78 silly audit   saxes: [ '6.0.0' ],
78 silly audit   scheduler: [ '0.27.0' ],
78 silly audit   send: [ '0.19.2' ],
78 silly audit   'serialize-error': [ '2.1.0' ],
78 silly audit   'serve-static': [ '1.16.3' ],
78 silly audit   'server-only': [ '0.0.1' ],
78 silly audit   setimmediate: [ '1.0.5' ],
78 silly audit   setprototypeof: [ '1.2.0' ],
78 silly audit   'sf-symbols-typescript': [ '2.2.0' ],
78 silly audit   shallowequal: [ '1.1.0' ],
78 silly audit   'shebang-command': [ '2.0.0' ],
78 silly audit   'shebang-regex': [ '3.0.0' ],
78 silly audit   'shell-quote': [ '1.10.0' ],
78 silly audit   'signal-exit': [ '3.0.7' ],
78 silly audit   'simple-plist': [ '1.3.1' ],
78 silly audit   'simple-swizzle': [ '0.2.4' ],
78 silly audit   sisteransi: [ '1.0.5' ],
78 silly audit   slugify: [ '1.6.9' ],
78 silly audit   'source-map-js': [ '1.2.1' ],
78 silly audit   'split-on-first': [ '1.1.0' ],
78 silly audit   'sprintf-js': [ '1.0.3' ],
78 silly audit   'stack-generator': [ '2.0.10' ],
78 silly audit   'stack-utils': [ '2.0.6' ],
78 silly audit   stackframe: [ '1.3.4' ],
78 silly audit   'stacktrace-gps': [ '3.1.2' ],
78 silly audit   'stacktrace-js': [ '2.0.2' ],
78 silly audit   'stacktrace-parser': [ '0.1.11' ],
78 silly audit   'standard-navigation': [ '0.0.5' ],
78 silly audit   'stream-buffers': [ '2.2.0' ],
78 silly audit   'strict-uri-encode': [ '2.0.0' ],
78 silly audit   'string-width': [ '4.2.3' ],
78 silly audit   'strip-bom': [ '4.0.0' ],
78 silly audit   'strip-final-newline': [ '2.0.0' ],
78 silly audit   'strip-indent': [ '3.0.0' ],
78 silly audit   'strip-json-comments': [ '3.1.1' ],
78 silly audit   'structured-headers': [ '0.4.1' ],
78 silly audit   styleq: [ '0.1.3' ],
78 silly audit   'supports-hyperlinks': [ '2.3.0' ],
78 silly audit   'supports-preserve-symlinks-flag': [ '3.0.0' ],
78 silly audit   'symbol-tree': [ '3.2.4' ],
78 silly audit   'terminal-link': [ '2.1.1' ],
78 silly audit   terser: [ '5.48.0' ],
78 silly audit   'test-exclude': [ '6.0.0' ],
78 silly audit   throat: [ '5.0.0' ],
78 silly audit   tinyglobby: [ '0.2.17' ],
78 silly audit   tmpl: [ '1.0.5' ],
78 silly audit   'to-regex-range': [ '5.0.1' ],
78 silly audit   toidentifier: [ '1.0.1' ],
78 silly audit   toqr: [ '0.1.1' ],
78 silly audit   'tough-cookie': [ '4.1.4' ],
78 silly audit   'ts-jest': [ '29.4.11' ],
78 silly audit   tslib: [ '2.8.1' ],
78 silly audit   'type-detect': [ '4.0.8' ],
78 silly audit   typescript: [ '6.0.3' ],
78 silly audit   'ua-parser-js': [ '1.0.41' ],
78 silly audit   'uglify-js': [ '3.19.3' ],
78 silly audit   'undici-types': [ '7.24.6' ],
78 silly audit   'unicode-canonical-property-names-ecmascript': [ '2.0.1' ],
78 silly audit   'unicode-match-property-ecmascript': [ '2.0.0' ],
78 silly audit   'unicode-match-property-value-ecmascript': [ '2.2.1' ],
78 silly audit   'unicode-property-aliases-ecmascript': [ '2.2.0' ],
78 silly audit   universalify: [ '0.2.0' ],
78 silly audit   unpipe: [ '3.0.0' ],
78 silly audit   'update-browserslist-db': [ '1.2.3' ],
78 silly audit   'url-parse': [ '1.5.10' ],
78 silly audit   'use-callback-ref': [ '1.3.3' ],
78 silly audit   'use-latest-callback': [ '0.2.6' ],
78 silly audit   'use-sidecar': [ '1.1.3' ],
78 silly audit   'utils-merge': [ '1.0.1' ],
78 silly audit   uuid: [ '7.0.3' ],
78 silly audit   'v8-to-istanbul': [ '9.3.0' ],
78 silly audit   'validate-npm-package-name': [ '5.0.1' ],
78 silly audit   vary: [ '1.1.2' ],
78 silly audit   vaul: [ '1.1.2' ],
78 silly audit   vlq: [ '1.0.1' ],
78 silly audit   'w3c-xmlserializer': [ '4.0.0' ],
78 silly audit   walker: [ '1.0.8' ],
78 silly audit   'warn-once': [ '0.1.1' ],
78 silly audit   wcwidth: [ '1.0.1' ],
78 silly audit   'whatwg-encoding': [ '2.0.0' ],
78 silly audit   'whatwg-fetch': [ '3.6.20' ],
78 silly audit   'whatwg-mimetype': [ '3.0.0' ],
78 silly audit   'whatwg-url-minimum': [ '0.1.2' ],
78 silly audit   which: [ '2.0.2' ],
78 silly audit   wordwrap: [ '3.0.0' ],
78 silly audit   'wrap-ansi': [ '7.0.0' ],
78 silly audit   wrappy: [ '1.0.2' ],
78 silly audit   'write-file-atomic': [ '4.0.2' ],
78 silly audit   xcode: [ '3.0.1' ],
78 silly audit   'xml-name-validator': [ '4.0.0' ],
78 silly audit   xml2js: [ '0.6.0' ],
78 silly audit   xmlbuilder: [ '11.0.1', '15.1.1' ],
78 silly audit   xmlchars: [ '2.2.0' ],
78 silly audit   y18n: [ '5.0.8' ],
78 silly audit   yallist: [ '3.1.1' ],
78 silly audit   yaml: [ '2.9.0' ],
78 silly audit   yargs: [ '17.7.2' ],
78 silly audit   'yargs-parser': [ '21.1.1' ],
78 silly audit   'yocto-queue': [ '0.1.0' ],
78 silly audit   zod: [ '3.25.76' ],
78 silly audit   pngjs: [ '7.0.0', '3.4.0' ]
78 silly audit }
79 verbose reify failed optional dependency /home/emre/Projects/SourDough/SourDoughMobile/node_modules/lightningcss-win32-x64-msvc
80 silly reify mark deleted [
80 silly reify   '/home/emre/Projects/SourDough/SourDoughMobile/node_modules/lightningcss-win32-x64-msvc'
80 silly reify ]
81 verbose reify failed optional dependency /home/emre/Projects/SourDough/SourDoughMobile/node_modules/lightningcss-win32-arm64-msvc
82 silly reify mark deleted [
82 silly reify   '/home/emre/Projects/SourDough/SourDoughMobile/node_modules/lightningcss-win32-arm64-msvc'
82 silly reify ]
83 verbose reify failed optional dependency /home/emre/Projects/SourDough/SourDoughMobile/node_modules/lightningcss-linux-arm64-musl
84 silly reify mark deleted [
84 silly reify   '/home/emre/Projects/SourDough/SourDoughMobile/node_modules/lightningcss-linux-arm64-musl'
84 silly reify ]
85 verbose reify failed optional dependency /home/emre/Projects/SourDough/SourDoughMobile/node_modules/lightningcss-linux-arm64-gnu
86 silly reify mark deleted [
86 silly reify   '/home/emre/Projects/SourDough/SourDoughMobile/node_modules/lightningcss-linux-arm64-gnu'
86 silly reify ]
87 verbose reify failed optional dependency /home/emre/Projects/SourDough/SourDoughMobile/node_modules/lightningcss-linux-arm-gnueabihf
88 silly reify mark deleted [
88 silly reify   '/home/emre/Projects/SourDough/SourDoughMobile/node_modules/lightningcss-linux-arm-gnueabihf'
88 silly reify ]
89 verbose reify failed optional dependency /home/emre/Projects/SourDough/SourDoughMobile/node_modules/lightningcss-freebsd-x64
90 silly reify mark deleted [
90 silly reify   '/home/emre/Projects/SourDough/SourDoughMobile/node_modules/lightningcss-freebsd-x64'
90 silly reify ]
91 verbose reify failed optional dependency /home/emre/Projects/SourDough/SourDoughMobile/node_modules/lightningcss-darwin-x64
92 silly reify mark deleted [
92 silly reify   '/home/emre/Projects/SourDough/SourDoughMobile/node_modules/lightningcss-darwin-x64'
92 silly reify ]
93 verbose reify failed optional dependency /home/emre/Projects/SourDough/SourDoughMobile/node_modules/lightningcss-darwin-arm64
94 silly reify mark deleted [
94 silly reify   '/home/emre/Projects/SourDough/SourDoughMobile/node_modules/lightningcss-darwin-arm64'
94 silly reify ]
95 verbose reify failed optional dependency /home/emre/Projects/SourDough/SourDoughMobile/node_modules/lightningcss-android-arm64
96 silly reify mark deleted [
96 silly reify   '/home/emre/Projects/SourDough/SourDoughMobile/node_modules/lightningcss-android-arm64'
96 silly reify ]
97 verbose reify failed optional dependency /home/emre/Projects/SourDough/SourDoughMobile/node_modules/fsevents
98 silly reify mark deleted [
98 silly reify   '/home/emre/Projects/SourDough/SourDoughMobile/node_modules/fsevents'
98 silly reify ]
99 http cache pngjs@https://registry.npmjs.org/pngjs/-/pngjs-7.0.0.tgz 0ms (cache hit)
100 http cache lightningcss-linux-x64-musl@https://registry.npmjs.org/lightningcss-linux-x64-musl/-/lightningcss-linux-x64-musl-1.33.0.tgz 0ms (cache hit)
101 http cache pngjs@https://registry.npmjs.org/pngjs/-/pngjs-3.4.0.tgz 0ms (cache hit)
102 silly tarball no local data for pngjs@https://registry.npmjs.org/pngjs/-/pngjs-7.0.0.tgz. Extracting by manifest.
103 silly tarball no local data for lightningcss-linux-x64-musl@https://registry.npmjs.org/lightningcss-linux-x64-musl/-/lightningcss-linux-x64-musl-1.33.0.tgz. Extracting by manifest.
104 silly tarball no local data for pngjs@https://registry.npmjs.org/pngjs/-/pngjs-3.4.0.tgz. Extracting by manifest.
105 http fetch POST 200 https://registry.npmjs.org/-/npm/v1/security/advisories/bulk 197ms
106 silly audit report {
106 silly audit report   'image-size': [
106 silly audit report     {
106 silly audit report       id: 1138808,
106 silly audit report       url: 'https://github.com/advisories/GHSA-w3rx-r6r6-pgpr',
106 silly audit report       title: 'image-size: ICNS parser allows denial of service through an infinite loop',
106 silly audit report       severity: 'high',
106 silly audit report       vulnerable_versions: '<=2.0.2',
106 silly audit report       cwe: [Array],
106 silly audit report       cvss: [Object]
106 silly audit report     },
106 silly audit report     {
106 silly audit report       id: 1138809,
106 silly audit report       url: 'https://github.com/advisories/GHSA-5p2g-fcmc-qvqq',
106 silly audit report       title: 'image-size: JXL and HEIF parsers allow denial of service through infinite loops',
106 silly audit report       severity: 'high',
106 silly audit report       vulnerable_versions: '<=2.0.2',
106 silly audit report       cwe: [Array],
106 silly audit report       cvss: [Object]
106 silly audit report     }
106 silly audit report   ],
106 silly audit report   uuid: [
106 silly audit report     {
106 silly audit report       id: 1119441,
106 silly audit report       url: 'https://github.com/advisories/GHSA-w5hq-g745-h8pq',
106 silly audit report       title: 'uuid: Missing buffer bounds check in v3/v5/v6 when buf is provided',
106 silly audit report       severity: 'moderate',
106 silly audit report       vulnerable_versions: '<11.1.1',
106 silly audit report       cwe: [Array],
106 silly audit report       cvss: [Object]
106 silly audit report     }
106 silly audit report   ]
106 silly audit report }
107 silly packumentCache corgi:https://registry.npmjs.org/image-size cache-miss
108 silly packumentCache corgi:https://registry.npmjs.org/uuid cache-miss
109 http fetch GET 200 https://registry.npmjs.org/pngjs/-/pngjs-7.0.0.tgz 246ms (cache miss)
110 http fetch GET 200 https://registry.npmjs.org/pngjs/-/pngjs-3.4.0.tgz 246ms (cache miss)
111 http fetch GET 200 https://registry.npmjs.org/image-size 62ms (cache miss)
112 silly packumentCache corgi:https://registry.npmjs.org/image-size set size:undefined disposed:false
113 http fetch GET 200 https://registry.npmjs.org/uuid 75ms (cache miss)
114 silly packumentCache corgi:https://registry.npmjs.org/uuid set size:undefined disposed:false
115 silly packumentCache corgi:https://registry.npmjs.org/metro cache-miss
116 http fetch GET 200 https://registry.npmjs.org/metro 123ms (cache miss)
117 silly packumentCache corgi:https://registry.npmjs.org/metro set size:undefined disposed:false
118 silly packumentCache corgi:https://registry.npmjs.org/xcode cache-miss
119 http fetch GET 200 https://registry.npmjs.org/lightningcss-linux-x64-musl/-/lightningcss-linux-x64-musl-1.33.0.tgz 454ms (cache miss)
120 http fetch GET 200 https://registry.npmjs.org/xcode 275ms (cache miss)
121 silly packumentCache corgi:https://registry.npmjs.org/xcode set size:undefined disposed:false
122 silly packumentCache corgi:https://registry.npmjs.org/@expo%2fmetro cache-miss
123 silly packumentCache corgi:https://registry.npmjs.org/@react-native%2fcommunity-cli-plugin cache-miss
124 silly packumentCache corgi:https://registry.npmjs.org/metro-config cache-miss
125 silly packumentCache corgi:https://registry.npmjs.org/metro-transform-worker cache-miss
126 http fetch GET 200 https://registry.npmjs.org/@expo%2fmetro 50ms (cache miss)
127 silly packumentCache corgi:https://registry.npmjs.org/@expo%2fmetro set size:undefined disposed:false
128 http fetch GET 200 https://registry.npmjs.org/metro-config 64ms (cache miss)
129 silly packumentCache corgi:https://registry.npmjs.org/metro-config set size:undefined disposed:false
130 http fetch GET 200 https://registry.npmjs.org/metro-transform-worker 112ms (cache miss)
131 silly packumentCache corgi:https://registry.npmjs.org/metro-transform-worker set size:undefined disposed:false
132 http fetch GET 200 https://registry.npmjs.org/@react-native%2fcommunity-cli-plugin 233ms (cache miss)
133 silly packumentCache corgi:https://registry.npmjs.org/@react-native%2fcommunity-cli-plugin set size:undefined disposed:false
134 silly packumentCache corgi:https://registry.npmjs.org/@expo%2fconfig-plugins cache-miss
135 http fetch GET 200 https://registry.npmjs.org/@expo%2fconfig-plugins 76ms (cache miss)
136 silly packumentCache corgi:https://registry.npmjs.org/@expo%2fconfig-plugins set size:undefined disposed:false
137 silly packumentCache corgi:https://registry.npmjs.org/@expo%2fmetro-config cache-miss
138 silly packumentCache corgi:https://registry.npmjs.org/expo cache-miss
139 silly packumentCache corgi:https://registry.npmjs.org/@expo%2fcli cache-miss
140 http fetch GET 200 https://registry.npmjs.org/@expo%2fmetro-config 70ms (cache miss)
141 silly packumentCache corgi:https://registry.npmjs.org/@expo%2fmetro-config set size:undefined disposed:false
142 http fetch GET 200 https://registry.npmjs.org/expo 115ms (cache miss)
143 silly packumentCache corgi:https://registry.npmjs.org/expo set size:undefined disposed:false
144 http fetch GET 200 https://registry.npmjs.org/@expo%2fcli 154ms (cache miss)
145 silly packumentCache corgi:https://registry.npmjs.org/@expo%2fcli set size:undefined disposed:false
146 silly packumentCache corgi:https://registry.npmjs.org/@react-native%2fmetro-config cache-miss
147 http fetch GET 200 https://registry.npmjs.org/@react-native%2fmetro-config 192ms (cache miss)
148 silly packumentCache corgi:https://registry.npmjs.org/@react-native%2fmetro-config set size:undefined disposed:false
149 silly packumentCache corgi:https://registry.npmjs.org/react-native cache-miss
150 http fetch GET 200 https://registry.npmjs.org/react-native 151ms (cache miss)
151 silly packumentCache corgi:https://registry.npmjs.org/react-native set size:undefined disposed:false
152 silly packumentCache corgi:https://registry.npmjs.org/@expo%2fconfig cache-miss
153 silly packumentCache corgi:https://registry.npmjs.org/@expo%2finline-modules cache-miss
154 silly packumentCache corgi:https://registry.npmjs.org/@expo%2fprebuild-config cache-miss
155 silly packumentCache corgi:https://registry.npmjs.org/expo-splash-screen cache-miss
156 http fetch GET 200 https://registry.npmjs.org/expo-splash-screen 191ms (cache miss)
157 silly packumentCache corgi:https://registry.npmjs.org/expo-splash-screen set size:undefined disposed:false
158 http fetch GET 200 https://registry.npmjs.org/@expo%2finline-modules 213ms (cache miss)
159 silly packumentCache corgi:https://registry.npmjs.org/@expo%2finline-modules set size:undefined disposed:false
160 http fetch GET 200 https://registry.npmjs.org/@expo%2fprebuild-config 230ms (cache miss)
161 silly packumentCache corgi:https://registry.npmjs.org/@expo%2fprebuild-config set size:undefined disposed:false
162 http fetch GET 200 https://registry.npmjs.org/@expo%2fconfig 259ms (cache miss)
163 silly packumentCache corgi:https://registry.npmjs.org/@expo%2fconfig set size:undefined disposed:false
164 silly packumentCache corgi:https://registry.npmjs.org/@expo%2fdom-webview cache-miss
165 silly packumentCache corgi:https://registry.npmjs.org/@expo%2flog-box cache-miss
166 silly packumentCache corgi:https://registry.npmjs.org/@expo%2fmetro-runtime cache-miss
167 silly packumentCache corgi:https://registry.npmjs.org/@expo%2fui cache-miss
168 silly packumentCache corgi:https://registry.npmjs.org/babel-preset-expo cache-miss
169 silly packumentCache corgi:https://registry.npmjs.org/expo-asset cache-miss
170 silly packumentCache corgi:https://registry.npmjs.org/expo-constants cache-miss
171 silly packumentCache corgi:https://registry.npmjs.org/expo-file-system cache-miss
172 silly packumentCache corgi:https://registry.npmjs.org/expo-font cache-miss
173 silly packumentCache corgi:https://registry.npmjs.org/expo-glass-effect cache-miss
174 silly packumentCache corgi:https://registry.npmjs.org/expo-keep-awake cache-miss
175 silly packumentCache corgi:https://registry.npmjs.org/expo-location cache-miss
176 silly packumentCache corgi:https://registry.npmjs.org/expo-router cache-miss
177 silly packumentCache corgi:https://registry.npmjs.org/expo-status-bar cache-miss
178 silly packumentCache corgi:https://registry.npmjs.org/expo-store-review cache-miss
179 silly packumentCache corgi:https://registry.npmjs.org/expo-symbols cache-miss
180 silly packumentCache corgi:https://registry.npmjs.org/@expo%2frouter-server cache-miss
181 silly packumentCache corgi:https://registry.npmjs.org/jest-expo cache-miss
182 http fetch GET 200 https://registry.npmjs.org/@expo%2fdom-webview 326ms (cache miss)
183 silly packumentCache corgi:https://registry.npmjs.org/@expo%2fdom-webview set size:undefined disposed:false
184 http fetch GET 200 https://registry.npmjs.org/@expo%2flog-box 411ms (cache miss)
185 silly packumentCache corgi:https://registry.npmjs.org/@expo%2flog-box set size:undefined disposed:false
186 http fetch GET 200 https://registry.npmjs.org/expo-symbols 419ms (cache miss)
187 silly packumentCache corgi:https://registry.npmjs.org/expo-symbols set size:undefined disposed:false
188 http fetch GET 200 https://registry.npmjs.org/@expo%2frouter-server 446ms (cache miss)
189 silly packumentCache corgi:https://registry.npmjs.org/@expo%2frouter-server set size:undefined disposed:false
190 http fetch GET 200 https://registry.npmjs.org/@expo%2fmetro-runtime 466ms (cache miss)
191 silly packumentCache corgi:https://registry.npmjs.org/@expo%2fmetro-runtime set size:undefined disposed:false
192 http fetch GET 200 https://registry.npmjs.org/@expo%2fui 486ms (cache miss)
193 silly packumentCache corgi:https://registry.npmjs.org/@expo%2fui set size:undefined disposed:false
194 http fetch GET 200 https://registry.npmjs.org/jest-expo 529ms (cache miss)
195 silly packumentCache corgi:https://registry.npmjs.org/jest-expo set size:undefined disposed:false
196 http fetch GET 200 https://registry.npmjs.org/expo-glass-effect 562ms (cache miss)
197 silly packumentCache corgi:https://registry.npmjs.org/expo-glass-effect set size:undefined disposed:false
198 http fetch GET 200 https://registry.npmjs.org/expo-status-bar 597ms (cache miss)
199 silly packumentCache corgi:https://registry.npmjs.org/expo-status-bar set size:undefined disposed:false
200 http fetch GET 200 https://registry.npmjs.org/expo-keep-awake 627ms (cache miss)
201 silly packumentCache corgi:https://registry.npmjs.org/expo-keep-awake set size:undefined disposed:false
202 http fetch GET 200 https://registry.npmjs.org/expo-font 646ms (cache miss)
203 silly packumentCache corgi:https://registry.npmjs.org/expo-font set size:undefined disposed:false
204 http fetch GET 200 https://registry.npmjs.org/expo-file-system 676ms (cache miss)
205 silly packumentCache corgi:https://registry.npmjs.org/expo-file-system set size:undefined disposed:false
206 http fetch GET 200 https://registry.npmjs.org/expo-constants 713ms (cache miss)
207 silly packumentCache corgi:https://registry.npmjs.org/expo-constants set size:undefined disposed:false
208 http fetch GET 200 https://registry.npmjs.org/expo-asset 739ms (cache miss)
209 silly packumentCache corgi:https://registry.npmjs.org/expo-asset set size:undefined disposed:false
210 http fetch GET 200 https://registry.npmjs.org/babel-preset-expo 767ms (cache miss)
211 silly packumentCache corgi:https://registry.npmjs.org/babel-preset-expo set size:undefined disposed:false
212 http fetch GET 200 https://registry.npmjs.org/expo-store-review 797ms (cache miss)
213 silly packumentCache corgi:https://registry.npmjs.org/expo-store-review set size:undefined disposed:false
214 http fetch GET 200 https://registry.npmjs.org/expo-router 813ms (cache miss)
215 silly packumentCache corgi:https://registry.npmjs.org/expo-router set size:undefined disposed:false
216 http fetch GET 200 https://registry.npmjs.org/expo-location 856ms (cache miss)
217 silly packumentCache corgi:https://registry.npmjs.org/expo-location set size:undefined disposed:false
218 silly packumentCache corgi:https://registry.npmjs.org/react-native-worklets cache-miss
219 http fetch GET 200 https://registry.npmjs.org/react-native-worklets 114ms (cache miss)
220 silly packumentCache corgi:https://registry.npmjs.org/react-native-worklets set size:undefined disposed:false
221 silly packumentCache corgi:https://registry.npmjs.org/@expo%2fdevtools cache-miss
222 silly packumentCache corgi:https://registry.npmjs.org/@react-native-async-storage%2fasync-storage cache-miss
223 silly packumentCache corgi:https://registry.npmjs.org/@react-native-masked-view%2fmasked-view cache-miss
224 silly packumentCache corgi:https://registry.npmjs.org/@react-native%2fvirtualized-lists cache-miss
225 silly packumentCache corgi:https://registry.npmjs.org/expo-linking cache-miss
226 silly packumentCache corgi:https://registry.npmjs.org/expo-modules-core cache-miss
227 silly packumentCache corgi:https://registry.npmjs.org/expo-modules-jsi cache-miss
228 silly packumentCache corgi:https://registry.npmjs.org/react-native-drawer-layout cache-miss
229 silly packumentCache corgi:https://registry.npmjs.org/react-native-gesture-handler cache-miss
230 silly packumentCache corgi:https://registry.npmjs.org/react-native-is-edge-to-edge cache-miss
231 silly packumentCache corgi:https://registry.npmjs.org/react-native-reanimated cache-miss
232 silly packumentCache corgi:https://registry.npmjs.org/react-native-safe-area-context cache-miss
233 silly packumentCache corgi:https://registry.npmjs.org/react-native-screens cache-miss
234 http fetch GET 200 https://registry.npmjs.org/expo-modules-jsi 240ms (cache miss)
235 silly packumentCache corgi:https://registry.npmjs.org/expo-modules-jsi set size:undefined disposed:false
236 http fetch GET 200 https://registry.npmjs.org/@expo%2fdevtools 258ms (cache miss)
237 silly packumentCache corgi:https://registry.npmjs.org/@expo%2fdevtools set size:undefined disposed:false
238 http fetch GET 200 https://registry.npmjs.org/react-native-is-edge-to-edge 275ms (cache miss)
239 silly packumentCache corgi:https://registry.npmjs.org/react-native-is-edge-to-edge set size:undefined disposed:false
240 http fetch GET 200 https://registry.npmjs.org/react-native-drawer-layout 295ms (cache miss)
241 silly packumentCache corgi:https://registry.npmjs.org/react-native-drawer-layout set size:undefined disposed:false
242 http fetch GET 200 https://registry.npmjs.org/@react-native-async-storage%2fasync-storage 325ms (cache miss)
243 silly packumentCache corgi:https://registry.npmjs.org/@react-native-async-storage%2fasync-storage set size:undefined disposed:false
244 http fetch GET 200 https://registry.npmjs.org/react-native-safe-area-context 360ms (cache miss)
245 silly packumentCache corgi:https://registry.npmjs.org/react-native-safe-area-context set size:undefined disposed:false
246 http fetch GET 200 https://registry.npmjs.org/expo-linking 369ms (cache miss)
247 silly packumentCache corgi:https://registry.npmjs.org/expo-linking set size:undefined disposed:false
248 http fetch GET 200 https://registry.npmjs.org/expo-modules-core 382ms (cache miss)
249 silly packumentCache corgi:https://registry.npmjs.org/expo-modules-core set size:undefined disposed:false
250 http fetch GET 200 https://registry.npmjs.org/@react-native-masked-view%2fmasked-view 398ms (cache miss)
251 silly packumentCache corgi:https://registry.npmjs.org/@react-native-masked-view%2fmasked-view set size:undefined disposed:false
252 http fetch GET 200 https://registry.npmjs.org/react-native-gesture-handler 405ms (cache miss)
253 silly packumentCache corgi:https://registry.npmjs.org/react-native-gesture-handler set size:undefined disposed:false
254 http fetch GET 200 https://registry.npmjs.org/react-native-screens 469ms (cache miss)
255 silly packumentCache corgi:https://registry.npmjs.org/react-native-screens set size:undefined disposed:false
256 http fetch GET 200 https://registry.npmjs.org/@react-native%2fvirtualized-lists 519ms (cache miss)
257 silly packumentCache corgi:https://registry.npmjs.org/@react-native%2fvirtualized-lists set size:undefined disposed:false
258 http fetch GET 200 https://registry.npmjs.org/react-native-reanimated 666ms (cache miss)
259 silly packumentCache corgi:https://registry.npmjs.org/react-native-reanimated set size:undefined disposed:false
260 silly packumentCache corgi:https://registry.npmjs.org/@expo%2flocal-build-cache-provider cache-miss
261 http fetch GET 200 https://registry.npmjs.org/@expo%2flocal-build-cache-provider 225ms (cache miss)
262 silly packumentCache corgi:https://registry.npmjs.org/@expo%2flocal-build-cache-provider set size:undefined disposed:false
263 silly ADD
264 silly ADD
265 silly ADD node_modules/lightningcss-linux-x64-musl
266 silly ADD
267 silly ADD
268 silly ADD
269 silly ADD
270 silly ADD
271 silly ADD
272 silly ADD
273 silly ADD
274 silly CHANGE node_modules/pngjs
275 silly ADD node_modules/parse-png/node_modules/pngjs
276 verbose cwd /home/emre/Projects/SourDough/SourDoughMobile
277 verbose os Linux 7.1.8-200.fc44.x86_64
278 verbose node v22.23.1
279 verbose npm  v10.9.8
280 verbose exit 0
281 info ok
