0 verbose cli /usr/bin/node-22 /usr/bin/npm
1 info using npm@10.9.8
2 info using node@v22.23.1
3 silly config load:file:/usr/lib/node_modules_22/npm/npmrc
4 silly config load:file:/home/emre/Projects/SourDough/SourDoughMobile/.npmrc
5 silly config load:file:/home/emre/.npmrc
6 silly config load:file:/etc/npmrc
7 verbose title npm install pngjs@7
8 verbose argv "install" "--save-dev" "pngjs@7" "--cache" "/home/emre/Projects/SourDough/.npm-cache"
9 verbose logfile logs-max:10 dir:/home/emre/Projects/SourDough/.npm-cache/_logs/2026-08-15T13_00_45_726Z-
10 verbose logfile /home/emre/Projects/SourDough/.npm-cache/_logs/2026-08-15T13_00_45_726Z-debug-0.log
11 silly logfile done cleaning log files
12 silly packumentCache heap:4345298944 maxSize:1086324736 maxEntrySize:543162368
13 silly idealTree buildDeps
14 silly fetch manifest pngjs@7
15 silly packumentCache full:https://registry.npmjs.org/pngjs cache-miss
16 http cache https://registry.npmjs.org/pngjs 297ms (cache hit)
17 silly packumentCache full:https://registry.npmjs.org/pngjs set size:70154 disposed:false
18 silly placeDep ROOT pngjs@7.0.0 REPLACE for: sourdoughmobile@3.0.0 want: 7
19 silly fetch manifest @expo/sdk-runtime-versions@^1.0.0
20 silly packumentCache full:https://registry.npmjs.org/@expo%2fsdk-runtime-versions cache-miss
21 http cache https://registry.npmjs.org/@expo%2fsdk-runtime-versions 6ms (cache hit)
22 silly packumentCache full:https://registry.npmjs.org/@expo%2fsdk-runtime-versions set size:4876 disposed:false
23 silly placeDep node_modules/@expo/config-plugins @expo/sdk-runtime-versions@1.0.0 OK for: @expo/config-plugins@56.0.14 want: ^1.0.0
24 silly fetch manifest babel-plugin-react-compiler@^1.0.0
25 silly packumentCache full:https://registry.npmjs.org/babel-plugin-react-compiler cache-miss
26 http cache https://registry.npmjs.org/babel-plugin-react-compiler 7ms (cache hit)
27 silly packumentCache full:https://registry.npmjs.org/babel-plugin-react-compiler set size:1356999 disposed:false
28 silly placeDep node_modules/babel-preset-expo babel-plugin-react-compiler@1.0.0 OK for: babel-preset-expo@56.0.19 want: ^1.0.0
29 silly fetch manifest @babel/types@^7.26.0
30 silly packumentCache full:https://registry.npmjs.org/@babel%2ftypes cache-miss
31 http cache https://registry.npmjs.org/@babel%2ftypes 6ms (cache hit)
32 silly packumentCache full:https://registry.npmjs.org/@babel%2ftypes set size:502938 disposed:false
33 silly fetch manifest delayed-stream@~1.0.0
34 silly packumentCache full:https://registry.npmjs.org/delayed-stream cache-miss
35 http cache https://registry.npmjs.org/delayed-stream 4ms (cache hit)
36 silly packumentCache full:https://registry.npmjs.org/delayed-stream set size:15820 disposed:false
37 silly placeDep node_modules/combined-stream delayed-stream@1.0.0 OK for: combined-stream@1.0.8 want: ~1.0.0
38 silly fetch manifest unpipe@~1.0.0
39 silly packumentCache full:https://registry.npmjs.org/unpipe cache-miss
40 http cache https://registry.npmjs.org/unpipe 2ms (cache hit)
41 silly packumentCache full:https://registry.npmjs.org/unpipe set size:3609 disposed:false
42 silly placeDep node_modules/finalhandler unpipe@1.0.0 OK for: finalhandler@1.1.2 want: ~1.0.0
43 silly fetch manifest wordwrap@^1.0.0
44 silly packumentCache full:https://registry.npmjs.org/wordwrap cache-miss
45 http cache https://registry.npmjs.org/wordwrap 2ms (cache hit)
46 silly packumentCache full:https://registry.npmjs.org/wordwrap set size:9026 disposed:false
47 silly placeDep node_modules/handlebars wordwrap@1.0.0 OK for: handlebars@4.7.9 want: ^1.0.0
48 silly fetch manifest pngjs@^3.3.0
49 silly packumentCache full:https://registry.npmjs.org/pngjs cache-hit
50 silly placeDep node_modules/parse-png pngjs@3.4.0 OK for: parse-png@2.1.0 want: ^3.3.0
51 silly fetch manifest supports-preserve-symlinks-flag@^1.0.0
52 silly packumentCache full:https://registry.npmjs.org/supports-preserve-symlinks-flag cache-miss
53 http cache https://registry.npmjs.org/supports-preserve-symlinks-flag 2ms (cache hit)
54 silly packumentCache full:https://registry.npmjs.org/supports-preserve-symlinks-flag set size:6802 disposed:false
55 silly placeDep node_modules/resolve supports-preserve-symlinks-flag@1.0.0 OK for: resolve@1.22.12 want: ^1.0.0
56 silly fetch manifest requires-port@^1.0.0
57 silly packumentCache full:https://registry.npmjs.org/requires-port cache-miss
58 http cache https://registry.npmjs.org/requires-port 4ms (cache hit)
59 silly packumentCache full:https://registry.npmjs.org/requires-port set size:8110 disposed:false
60 silly placeDep node_modules/url-parse requires-port@1.0.0 OK for: url-parse@1.5.10 want: ^1.0.0
61 silly fetch manifest fs.realpath@^1.0.0
62 silly packumentCache full:https://registry.npmjs.org/fs.realpath cache-miss
63 http cache https://registry.npmjs.org/fs.realpath 4ms (cache hit)
64 silly packumentCache full:https://registry.npmjs.org/fs.realpath set size:4806 disposed:false
65 silly placeDep node_modules/@jest/reporters fs.realpath@1.0.0 OK for: glob@7.2.3 want: ^1.0.0
66 silly placeDep node_modules/jest-config fs.realpath@1.0.0 OK for: glob@7.2.3 want: ^1.0.0
67 silly placeDep node_modules/jest-runtime fs.realpath@1.0.0 OK for: glob@7.2.3 want: ^1.0.0
68 silly fetch manifest negotiator@^1.0.0
69 silly packumentCache full:https://registry.npmjs.org/negotiator cache-miss
70 http cache https://registry.npmjs.org/negotiator 3ms (cache hit)
71 silly packumentCache full:https://registry.npmjs.org/negotiator set size:48046 disposed:false
72 silly placeDep node_modules/metro/node_modules/accepts negotiator@1.0.0 OK for: accepts@2.0.0 want: ^1.0.0
73 silly placeDep node_modules/test-exclude fs.realpath@1.0.0 OK for: glob@7.2.3 want: ^1.0.0
74 silly reify moves {}
75 silly audit bulk request {
75 silly audit   '@adobe/css-tools': [ '4.5.0' ],
75 silly audit   '@babel/code-frame': [ '7.29.7' ],
75 silly audit   '@babel/compat-data': [ '7.29.7' ],
75 silly audit   '@babel/core': [ '7.29.7' ],
75 silly audit   semver: [ '6.3.1', '7.8.4' ],
75 silly audit   '@babel/generator': [ '7.29.7' ],
75 silly audit   '@babel/helper-annotate-as-pure': [ '7.29.7' ],
75 silly audit   '@babel/helper-compilation-targets': [ '7.29.7' ],
75 silly audit   '@babel/helper-create-class-features-plugin': [ '7.29.7' ],
75 silly audit   '@babel/helper-create-regexp-features-plugin': [ '7.29.7' ],
75 silly audit   '@babel/helper-define-polyfill-provider': [ '0.6.8' ],
75 silly audit   '@babel/helper-globals': [ '7.29.7' ],
75 silly audit   '@babel/helper-member-expression-to-functions': [ '7.29.7' ],
75 silly audit   '@babel/helper-module-imports': [ '7.29.7' ],
75 silly audit   '@babel/helper-module-transforms': [ '7.29.7' ],
75 silly audit   '@babel/helper-optimise-call-expression': [ '7.29.7' ],
75 silly audit   '@babel/helper-plugin-utils': [ '7.29.7' ],
75 silly audit   '@babel/helper-remap-async-to-generator': [ '7.29.7' ],
75 silly audit   '@babel/helper-replace-supers': [ '7.29.7' ],
75 silly audit   '@babel/helper-skip-transparent-expression-wrappers': [ '7.29.7' ],
75 silly audit   '@babel/helper-string-parser': [ '7.29.7' ],
75 silly audit   '@babel/helper-validator-identifier': [ '7.29.7' ],
75 silly audit   '@babel/helper-validator-option': [ '7.29.7' ],
75 silly audit   '@babel/helper-wrap-function': [ '7.29.7' ],
75 silly audit   '@babel/helpers': [ '7.29.7' ],
75 silly audit   '@babel/parser': [ '7.29.7' ],
75 silly audit   '@babel/plugin-proposal-decorators': [ '7.29.7' ],
75 silly audit   '@babel/plugin-proposal-export-default-from': [ '7.29.7' ],
75 silly audit   '@babel/plugin-syntax-async-generators': [ '7.8.4' ],
75 silly audit   '@babel/plugin-syntax-bigint': [ '7.8.3' ],
75 silly audit   '@babel/plugin-syntax-class-properties': [ '7.12.13' ],
75 silly audit   '@babel/plugin-syntax-class-static-block': [ '7.14.5' ],
75 silly audit   '@babel/plugin-syntax-decorators': [ '7.29.7' ],
75 silly audit   '@babel/plugin-syntax-dynamic-import': [ '7.8.3' ],
75 silly audit   '@babel/plugin-syntax-export-default-from': [ '7.29.7' ],
75 silly audit   '@babel/plugin-syntax-flow': [ '7.29.7' ],
75 silly audit   '@babel/plugin-syntax-import-attributes': [ '7.29.7' ],
75 silly audit   '@babel/plugin-syntax-import-meta': [ '7.10.4' ],
75 silly audit   '@babel/plugin-syntax-json-strings': [ '7.8.3' ],
75 silly audit   '@babel/plugin-syntax-jsx': [ '7.29.7' ],
75 silly audit   '@babel/plugin-syntax-logical-assignment-operators': [ '7.10.4' ],
75 silly audit   '@babel/plugin-syntax-nullish-coalescing-operator': [ '7.8.3' ],
75 silly audit   '@babel/plugin-syntax-numeric-separator': [ '7.10.4' ],
75 silly audit   '@babel/plugin-syntax-object-rest-spread': [ '7.8.3' ],
75 silly audit   '@babel/plugin-syntax-optional-catch-binding': [ '7.8.3' ],
75 silly audit   '@babel/plugin-syntax-optional-chaining': [ '7.8.3' ],
75 silly audit   '@babel/plugin-syntax-private-property-in-object': [ '7.14.5' ],
75 silly audit   '@babel/plugin-syntax-top-level-await': [ '7.14.5' ],
75 silly audit   '@babel/plugin-syntax-typescript': [ '7.29.7' ],
75 silly audit   '@babel/plugin-transform-arrow-functions': [ '7.29.7' ],
75 silly audit   '@babel/plugin-transform-async-generator-functions': [ '7.29.7' ],
75 silly audit   '@babel/plugin-transform-async-to-generator': [ '7.29.7' ],
75 silly audit   '@babel/plugin-transform-block-scoping': [ '7.29.7' ],
75 silly audit   '@babel/plugin-transform-class-properties': [ '7.29.7' ],
75 silly audit   '@babel/plugin-transform-class-static-block': [ '7.29.7' ],
75 silly audit   '@babel/plugin-transform-classes': [ '7.29.7' ],
75 silly audit   '@babel/plugin-transform-destructuring': [ '7.29.7' ],
75 silly audit   '@babel/plugin-transform-export-namespace-from': [ '7.29.7' ],
75 silly audit   '@babel/plugin-transform-flow-strip-types': [ '7.29.7' ],
75 silly audit   '@babel/plugin-transform-for-of': [ '7.29.7' ],
75 silly audit   '@babel/plugin-transform-logical-assignment-operators': [ '7.29.7' ],
75 silly audit   '@babel/plugin-transform-modules-commonjs': [ '7.29.7' ],
75 silly audit   '@babel/plugin-transform-named-capturing-groups-regex': [ '7.29.7' ],
75 silly audit   '@babel/plugin-transform-nullish-coalescing-operator': [ '7.29.7' ],
75 silly audit   '@babel/plugin-transform-object-rest-spread': [ '7.29.7' ],
75 silly audit   '@babel/plugin-transform-optional-catch-binding': [ '7.29.7' ],
75 silly audit   '@babel/plugin-transform-optional-chaining': [ '7.29.7' ],
75 silly audit   '@babel/plugin-transform-parameters': [ '7.29.7' ],
75 silly audit   '@babel/plugin-transform-private-methods': [ '7.29.7' ],
75 silly audit   '@babel/plugin-transform-private-property-in-object': [ '7.29.7' ],
75 silly audit   '@babel/plugin-transform-react-display-name': [ '7.29.7' ],
75 silly audit   '@babel/plugin-transform-react-jsx': [ '7.29.7' ],
75 silly audit   '@babel/plugin-transform-react-jsx-development': [ '7.29.7' ],
75 silly audit   '@babel/plugin-transform-react-jsx-self': [ '7.29.7' ],
75 silly audit   '@babel/plugin-transform-react-jsx-source': [ '7.29.7' ],
75 silly audit   '@babel/plugin-transform-react-pure-annotations': [ '7.29.7' ],
75 silly audit   '@babel/plugin-transform-regenerator': [ '7.29.7' ],
75 silly audit   '@babel/plugin-transform-runtime': [ '7.29.7' ],
75 silly audit   '@babel/plugin-transform-shorthand-properties': [ '7.29.7' ],
75 silly audit   '@babel/plugin-transform-template-literals': [ '7.29.7' ],
75 silly audit   '@babel/plugin-transform-typescript': [ '7.29.7' ],
75 silly audit   '@babel/plugin-transform-unicode-regex': [ '7.29.7' ],
75 silly audit   '@babel/preset-typescript': [ '7.29.7' ],
75 silly audit   '@babel/runtime': [ '7.29.7' ],
75 silly audit   '@babel/template': [ '7.29.7' ],
75 silly audit   '@babel/traverse': [ '7.29.7' ],
75 silly audit   '@babel/types': [ '7.29.7' ],
75 silly audit   '@bcoe/v8-coverage': [ '0.2.3' ],
75 silly audit   '@expo-google-fonts/material-symbols': [ '0.4.38' ],
75 silly audit   '@expo/code-signing-certificates': [ '0.0.6' ],
75 silly audit   '@expo/config': [ '56.0.13' ],
75 silly audit   '@expo/config-plugins': [ '56.0.14' ],
75 silly audit   '@expo/config-types': [ '56.0.7' ],
75 silly audit   '@expo/devcert': [ '1.2.1' ],
75 silly audit   debug: [ '3.2.7', '2.6.9', '4.4.3' ],
75 silly audit   '@expo/devtools': [ '56.0.2' ],
75 silly audit   '@expo/dom-webview': [ '56.0.6' ],
75 silly audit   '@expo/env': [ '2.4.2', '2.3.1' ],
75 silly audit   '@expo/expo-modules-macros-plugin': [ '0.2.2' ],
75 silly audit   '@expo/fingerprint': [ '0.19.9' ],
75 silly audit   '@expo/image-utils': [ '0.10.4' ],
75 silly audit   '@expo/inline-modules': [ '0.0.15' ],
75 silly audit   '@expo/json-file': [ '10.2.0', '11.0.1' ],
75 silly audit   '@expo/local-build-cache-provider': [ '56.0.11' ],
75 silly audit   '@expo/log-box': [ '56.0.14' ],
75 silly audit   '@expo/metro': [ '56.0.0' ],
75 silly audit   '@expo/metro-config': [ '56.0.18' ],
75 silly audit   '@expo/metro-file-map': [ '56.0.3' ],
75 silly audit   '@expo/metro-runtime': [ '56.0.19' ],
75 silly audit   '@expo/osascript': [ '2.7.1' ],
75 silly audit   '@expo/package-manager': [ '1.13.1' ],
75 silly audit   '@expo/plist': [ '0.7.0' ],
75 silly audit   '@expo/prebuild-config': [ '56.0.21' ],
75 silly audit   '@expo/require-utils': [ '56.1.6' ],
75 silly audit   '@expo/schema-utils': [ '56.0.2' ],
75 silly audit   '@expo/sdk-runtime-versions': [ '3.0.0' ],
75 silly audit   '@expo/spawn-async': [ '1.8.0' ],
75 silly audit   '@expo/sudo-prompt': [ '9.3.2' ],
75 silly audit   '@expo/ui': [ '56.0.19' ],
75 silly audit   '@expo/ws-tunnel': [ '2.0.0' ],
75 silly audit   '@expo/xcpretty': [ '4.4.4' ],
75 silly audit   argparse: [ '2.0.1', '1.0.10' ],
75 silly audit   'js-yaml': [ '4.3.1', '3.15.1' ],
75 silly audit   '@isaacs/ttlcache': [ '1.4.1' ],
75 silly audit   '@istanbuljs/load-nyc-config': [ '1.1.0' ],
75 silly audit   camelcase: [ '5.3.1', '6.3.0' ],
75 silly audit   '@istanbuljs/schema': [ '0.1.6' ],
75 silly audit   '@jest/console': [ '29.7.0' ],
75 silly audit   '@jest/core': [ '29.7.0' ],
75 silly audit   'strip-ansi': [ '6.0.1', '7.2.0', '5.2.0' ],
75 silly audit   '@jest/create-cache-key-function': [ '29.7.0' ],
75 silly audit   '@jest/environment': [ '29.7.0' ],
75 silly audit   '@jest/expect': [ '29.7.0' ],
75 silly audit   '@jest/expect-utils': [ '29.7.0' ],
75 silly audit   '@jest/fake-timers': [ '29.7.0' ],
75 silly audit   '@jest/globals': [ '29.7.0' ],
75 silly audit   '@jest/reporters': [ '29.7.0' ],
75 silly audit   'balanced-match': [ '1.0.2', '4.0.4' ],
75 silly audit   'brace-expansion': [ '1.1.18', '5.0.9' ],
75 silly audit   glob: [ '7.2.3', '13.0.6' ],
75 silly audit   'istanbul-lib-instrument': [ '6.0.3', '5.2.1' ],
75 silly audit   minimatch: [ '3.1.5', '10.2.6' ],
75 silly audit   '@jest/schemas': [ '29.6.3' ],
75 silly audit   '@jest/source-map': [ '29.6.3' ],
75 silly audit   '@jest/test-result': [ '29.7.0' ],
75 silly audit   '@jest/test-sequencer': [ '29.7.0' ],
75 silly audit   '@jest/transform': [ '29.7.0' ],
75 silly audit   '@jest/types': [ '29.6.3' ],
75 silly audit   '@jridgewell/gen-mapping': [ '0.3.13' ],
75 silly audit   '@jridgewell/remapping': [ '2.3.5' ],
75 silly audit   '@jridgewell/resolve-uri': [ '3.1.2' ],
75 silly audit   '@jridgewell/source-map': [ '0.3.11' ],
75 silly audit   '@jridgewell/sourcemap-codec': [ '1.5.5' ],
75 silly audit   '@jridgewell/trace-mapping': [ '0.3.31' ],
75 silly audit   '@radix-ui/primitive': [ '1.1.4' ],
75 silly audit   '@radix-ui/react-collection': [ '1.1.11' ],
75 silly audit   '@radix-ui/react-compose-refs': [ '1.1.3' ],
75 silly audit   '@radix-ui/react-context': [ '1.1.4' ],
75 silly audit   '@radix-ui/react-dialog': [ '1.1.18' ],
75 silly audit   '@radix-ui/react-direction': [ '1.1.2' ],
75 silly audit   '@radix-ui/react-dismissable-layer': [ '1.1.14' ],
75 silly audit   '@radix-ui/react-focus-guards': [ '1.1.4' ],
75 silly audit   '@radix-ui/react-focus-scope': [ '1.1.11' ],
75 silly audit   '@radix-ui/react-id': [ '1.1.2' ],
75 silly audit   '@radix-ui/react-portal': [ '1.1.13' ],
75 silly audit   '@radix-ui/react-presence': [ '1.1.6' ],
75 silly audit   '@radix-ui/react-primitive': [ '2.1.7' ],
75 silly audit   '@radix-ui/react-roving-focus': [ '1.1.14' ],
75 silly audit   '@radix-ui/react-slot': [ '1.3.0' ],
75 silly audit   '@radix-ui/react-tabs': [ '1.1.16' ],
75 silly audit   '@radix-ui/react-use-callback-ref': [ '1.1.2' ],
75 silly audit   '@radix-ui/react-use-controllable-state': [ '1.2.3' ],
75 silly audit   '@radix-ui/react-use-effect-event': [ '0.0.3' ],
75 silly audit   '@radix-ui/react-use-layout-effect': [ '1.1.2' ],
75 silly audit   '@react-native-async-storage/async-storage': [ '2.2.0' ],
75 silly audit   '@react-native-masked-view/masked-view': [ '0.3.2' ],
75 silly audit   '@react-native/assets-registry': [ '0.85.3' ],
75 silly audit   '@react-native/babel-plugin-codegen': [ '0.85.3' ],
75 silly audit   '@react-native/babel-preset': [ '0.85.3' ],
75 silly audit   '@react-native/codegen': [ '0.85.3' ],
75 silly audit   '@react-native/community-cli-plugin': [ '0.85.3' ],
75 silly audit   '@react-native/debugger-frontend': [ '0.85.3' ],
75 silly audit   '@react-native/debugger-shell': [ '0.85.3' ],
75 silly audit   '@react-native/dev-middleware': [ '0.85.3' ],
75 silly audit   ws: [ '7.5.11', '8.21.0' ],
75 silly audit   '@react-native/gradle-plugin': [ '0.85.3' ],
75 silly audit   '@react-native/jest-preset': [ '0.85.3' ],
75 silly audit   '@react-native/js-polyfills': [ '0.85.3' ],
75 silly audit   '@react-native/metro-babel-transformer': [ '0.85.3' ],
75 silly audit   '@react-native/metro-config': [ '0.85.3' ],
75 silly audit   '@react-native/normalize-colors': [ '0.85.3', '0.74.89' ],
75 silly audit   '@react-native/virtualized-lists': [ '0.85.3' ],
75 silly audit   '@sinclair/typebox': [ '0.27.10' ],
75 silly audit   '@sinonjs/commons': [ '3.0.1' ],
75 silly audit   '@sinonjs/fake-timers': [ '10.3.0' ],
75 silly audit   '@testing-library/dom': [ '10.4.1' ],
75 silly audit   'ansi-styles': [ '5.2.0', '4.3.0', '3.2.1' ],
75 silly audit   'pretty-format': [ '27.5.1', '29.7.0' ],
75 silly audit   'react-is': [ '17.0.2', '18.3.1', '19.2.7' ],
75 silly audit   '@testing-library/jest-dom': [ '6.9.1' ],
75 silly audit   'dom-accessibility-api': [ '0.6.3', '0.5.16' ],
75 silly audit   '@testing-library/user-event': [ '14.6.1' ],
75 silly audit   '@tootallnate/once': [ '2.0.1' ],
75 silly audit   '@types/aria-query': [ '5.0.4' ],
75 silly audit   '@types/babel__core': [ '7.20.5' ],
75 silly audit   '@types/babel__generator': [ '7.27.0' ],
75 silly audit   '@types/babel__template': [ '7.4.4' ],
75 silly audit   '@types/babel__traverse': [ '7.28.0' ],
75 silly audit   '@types/graceful-fs': [ '4.1.9' ],
75 silly audit   '@types/istanbul-lib-coverage': [ '2.0.6' ],
75 silly audit   '@types/istanbul-lib-report': [ '3.0.3' ],
75 silly audit   '@types/istanbul-reports': [ '3.0.4' ],
75 silly audit   '@types/jest': [ '29.5.14' ],
75 silly audit   '@types/jsdom': [ '20.0.1' ],
75 silly audit   '@types/node': [ '25.9.3' ],
75 silly audit   '@types/react': [ '19.2.17' ],
75 silly audit   '@types/react-test-renderer': [ '19.1.0' ],
75 silly audit   '@types/stack-utils': [ '2.0.3' ],
75 silly audit   '@types/tough-cookie': [ '4.0.5' ],
75 silly audit   '@types/yargs': [ '17.0.35' ],
75 silly audit   '@types/yargs-parser': [ '21.0.3' ],
75 silly audit   '@ungap/structured-clone': [ '1.3.1' ],
75 silly audit   '@xmldom/xmldom': [ '0.8.14', '0.9.11' ],
75 silly audit   abab: [ '2.0.6' ],
75 silly audit   'abort-controller': [ '3.0.0' ],
75 silly audit   accepts: [ '1.3.8', '2.0.0' ],
75 silly audit   acorn: [ '8.17.0' ],
75 silly audit   'acorn-globals': [ '7.0.1' ],
75 silly audit   'acorn-walk': [ '8.3.5' ],
75 silly audit   'agent-base': [ '7.1.4', '6.0.2' ],
75 silly audit   'agent-cli-detector': [ '0.1.5' ],
75 silly audit   anser: [ '1.4.10' ],
75 silly audit   'ansi-escapes': [ '4.3.2', '6.2.1' ],
75 silly audit   'type-fest': [ '0.21.3', '4.41.0', '0.7.1' ],
75 silly audit   'ansi-regex': [ '5.0.1', '6.2.2', '4.1.1' ],
75 silly audit   anymatch: [ '3.1.3' ],
75 silly audit   picomatch: [ '2.3.2', '4.0.4' ],
75 silly audit   arg: [ '5.0.2' ],
75 silly audit   'aria-hidden': [ '1.2.6' ],
75 silly audit   'aria-query': [ '5.3.0' ],
75 silly audit   asap: [ '2.0.6' ],
75 silly audit   asynckit: [ '0.4.0' ],
75 silly audit   'babel-jest': [ '29.7.0' ],
75 silly audit   'babel-plugin-istanbul': [ '6.1.1' ],
75 silly audit   'babel-plugin-jest-hoist': [ '29.6.3' ],
75 silly audit   'babel-plugin-polyfill-corejs2': [ '0.4.17' ],
75 silly audit   'babel-plugin-polyfill-corejs3': [ '0.13.0' ],
75 silly audit   'babel-plugin-polyfill-regenerator': [ '0.6.8' ],
75 silly audit   'babel-plugin-react-compiler': [ '3.0.0' ],
75 silly audit   'babel-plugin-react-native-web': [ '0.21.2' ],
75 silly audit   'babel-plugin-syntax-hermes-parser': [ '0.33.3' ],
75 silly audit   'babel-plugin-transform-flow-enums': [ '0.0.2' ],
75 silly audit   'babel-preset-current-node-syntax': [ '1.2.0' ],
75 silly audit   'babel-preset-expo': [ '56.0.19' ],
75 silly audit   'babel-preset-jest': [ '29.6.3' ],
75 silly audit   'base64-js': [ '1.5.1' ],
75 silly audit   'baseline-browser-mapping': [ '2.10.38' ],
75 silly audit   'big-integer': [ '1.6.52' ],
75 silly audit   'bplist-creator': [ '0.1.0' ],
75 silly audit   'bplist-parser': [ '0.3.1' ],
75 silly audit   braces: [ '3.0.3' ],
75 silly audit   browserslist: [ '4.28.2' ],
75 silly audit   'bs-logger': [ '0.2.6' ],
75 silly audit   bser: [ '2.1.1' ],
75 silly audit   'buffer-from': [ '1.1.2' ],
75 silly audit   bytes: [ '3.1.2' ],
75 silly audit   'call-bind-apply-helpers': [ '1.0.2' ],
75 silly audit   callsites: [ '3.1.0' ],
75 silly audit   'caniuse-lite': [ '1.0.30001799' ],
75 silly audit   chalk: [ '4.1.2', '3.0.0', '2.4.2' ],
75 silly audit   'char-regex': [ '1.0.2', '2.0.2' ],
75 silly audit   'chrome-launcher': [ '0.15.2' ],
75 silly audit   'chromium-edge-launcher': [ '0.3.0' ],
75 silly audit   'ci-info': [ '3.9.0', '2.0.0' ],
75 silly audit   'cjs-module-lexer': [ '1.4.3' ],
75 silly audit   'cli-cursor': [ '2.1.0' ],
75 silly audit   'cli-spinners': [ '2.9.2' ],
75 silly audit   'client-only': [ '0.0.1' ],
75 silly audit   cliui: [ '8.0.1' ],
75 silly audit   clone: [ '1.0.4' ],
75 silly audit   co: [ '4.6.0' ],
75 silly audit   'collect-v8-coverage': [ '1.0.3' ],
75 silly audit   color: [ '4.2.3' ],
75 silly audit   'color-convert': [ '2.0.1', '1.9.3' ],
75 silly audit   'color-name': [ '1.1.4', '1.1.3' ],
75 silly audit   'color-string': [ '1.9.1' ],
75 silly audit   'combined-stream': [ '1.0.8' ],
75 silly audit   commander: [ '7.2.0', '12.1.0', '2.20.3' ],
75 silly audit   compressible: [ '2.0.18' ],
75 silly audit   compression: [ '1.8.1' ],
75 silly audit   ms: [ '2.0.0', '2.1.3' ],
75 silly audit   negotiator: [ '0.6.4', '3.0.0', '0.6.3' ],
75 silly audit   'concat-map': [ '0.0.1' ],
75 silly audit   connect: [ '3.7.0' ],
75 silly audit   'convert-source-map': [ '2.0.0' ],
75 silly audit   'core-js-compat': [ '3.49.0' ],
75 silly audit   'create-jest': [ '29.7.0' ],
75 silly audit   'cross-fetch': [ '3.2.0' ],
75 silly audit   'cross-spawn': [ '7.0.6' ],
75 silly audit   'css-in-js-utils': [ '3.1.0' ],
75 silly audit   'css.escape': [ '1.5.1' ],
75 silly audit   cssom: [ '0.5.0', '0.3.8' ],
75 silly audit   cssstyle: [ '2.3.0' ],
75 silly audit   csstype: [ '3.2.3' ],
75 silly audit   'data-urls': [ '3.0.2' ],
75 silly audit   tr46: [ '3.0.0', '0.0.3' ],
75 silly audit   'webidl-conversions': [ '7.0.0', '3.0.1' ],
75 silly audit   'whatwg-url': [ '11.0.0', '5.0.0' ],
75 silly audit   'decimal.js': [ '10.6.0' ],
75 silly audit   'decode-uri-component': [ '0.2.2' ],
75 silly audit   dedent: [ '1.7.2' ],
75 silly audit   deepmerge: [ '4.3.1' ],
75 silly audit   defaults: [ '1.0.4' ],
75 silly audit   'delayed-stream': [ '3.0.0' ],
75 silly audit   depd: [ '2.0.0' ],
75 silly audit   dequal: [ '2.0.3' ],
75 silly audit   destroy: [ '1.2.0' ],
75 silly audit   'detect-libc': [ '2.1.2' ],
75 silly audit   'detect-newline': [ '3.1.0' ],
75 silly audit   'detect-node-es': [ '1.1.0' ],
75 silly audit   'diff-sequences': [ '29.6.3' ],
75 silly audit   'dnssd-advertise': [ '1.1.6' ],
75 silly audit   domexception: [ '4.0.0' ],
75 silly audit   'dunder-proto': [ '1.0.1' ],
75 silly audit   'ee-first': [ '1.1.1' ],
75 silly audit   'electron-to-chromium': [ '1.5.375' ],
75 silly audit   emittery: [ '0.13.1' ],
75 silly audit   'emoji-regex': [ '8.0.0' ],
75 silly audit   encodeurl: [ '1.0.2', '2.0.0' ],
75 silly audit   entities: [ '6.0.1' ],
75 silly audit   'error-ex': [ '1.3.4' ],
75 silly audit   'is-arrayish': [ '0.2.1', '0.3.4' ],
75 silly audit   'error-stack-parser': [ '2.1.4' ],
75 silly audit   'es-define-property': [ '1.0.1' ],
75 silly audit   'es-errors': [ '1.3.0' ],
75 silly audit   'es-object-atoms': [ '1.1.2' ],
75 silly audit   'es-set-tostringtag': [ '2.1.0' ],
75 silly audit   escalade: [ '3.2.0' ],
75 silly audit   'escape-html': [ '1.0.3' ],
75 silly audit   'escape-string-regexp': [ '4.0.0', '1.0.5', '2.0.0' ],
75 silly audit   escodegen: [ '2.1.0' ],
75 silly audit   'source-map': [ '0.6.1', '0.5.7', '0.5.6' ],
75 silly audit   esprima: [ '4.0.1' ],
75 silly audit   estraverse: [ '5.3.0' ],
75 silly audit   esutils: [ '2.0.3' ],
75 silly audit   etag: [ '1.8.1' ],
75 silly audit   'event-target-shim': [ '5.0.1' ],
75 silly audit   execa: [ '5.1.1' ],
75 silly audit   'mimic-fn': [ '2.1.0', '1.2.0' ],
75 silly audit   onetime: [ '5.1.2', '2.0.1' ],
75 silly audit   exit: [ '0.1.2' ],
75 silly audit   expect: [ '29.7.0' ],
75 silly audit   expo: [ '56.0.19' ],
75 silly audit   'expo-asset': [ '56.0.22' ],
75 silly audit   'expo-constants': [ '56.0.23' ],
75 silly audit   'expo-file-system': [ '56.0.9' ],
75 silly audit   'expo-font': [ '56.0.7' ],
75 silly audit   'expo-glass-effect': [ '56.0.4' ],
75 silly audit   'expo-keep-awake': [ '56.0.3' ],
75 silly audit   'expo-linking': [ '56.0.14' ],
75 silly audit   'expo-location': [ '56.0.19' ],
75 silly audit   'expo-modules-autolinking': [ '56.0.21' ],
75 silly audit   'expo-modules-core': [ '56.0.23' ],
75 silly audit   'expo-modules-jsi': [ '56.0.12' ],
75 silly audit   'expo-router': [ '56.2.12' ],
75 silly audit   'expo-server': [ '56.0.5' ],
75 silly audit   'expo-splash-screen': [ '56.0.14' ],
75 silly audit   'expo-status-bar': [ '56.0.4' ],
75 silly audit   'expo-store-review': [ '56.0.3' ],
75 silly audit   'expo-symbols': [ '56.0.6' ],
75 silly audit   '@expo/cli': [ '56.1.23' ],
75 silly audit   '@expo/router-server': [ '56.0.17' ],
75 silly audit   'exponential-backoff': [ '3.1.3' ],
75 silly audit   'fast-deep-equal': [ '3.1.3' ],
75 silly audit   'fast-json-stable-stringify': [ '2.1.0' ],
75 silly audit   'fb-dotslash': [ '0.5.8' ],
75 silly audit   'fb-watchman': [ '2.0.2' ],
75 silly audit   fbjs: [ '3.0.5' ],
75 silly audit   'fbjs-css-vars': [ '1.0.2' ],
75 silly audit   promise: [ '7.3.1', '8.3.0' ],
75 silly audit   fdir: [ '6.5.0' ],
75 silly audit   'fetch-nodeshim': [ '0.4.10' ],
75 silly audit   'fill-range': [ '7.1.1' ],
75 silly audit   'filter-obj': [ '1.1.0' ],
75 silly audit   finalhandler: [ '1.1.2' ],
75 silly audit   'find-up': [ '4.1.0' ],
75 silly audit   'flow-enums-runtime': [ '0.0.6' ],
75 silly audit   fontfaceobserver: [ '2.3.0' ],
75 silly audit   'form-data': [ '4.0.6' ],
75 silly audit   fresh: [ '0.5.2' ],
75 silly audit   'fs.realpath': [ '3.0.0' ],
75 silly audit   fsevents: [ '2.3.3' ],
75 silly audit   'function-bind': [ '1.1.2' ],
75 silly audit   gensync: [ '1.0.0-beta.2' ],
75 silly audit   'get-caller-file': [ '2.0.5' ],
75 silly audit   'get-intrinsic': [ '1.3.0' ],
75 silly audit   'get-nonce': [ '1.0.1' ],
75 silly audit   'get-package-type': [ '0.1.0' ],
75 silly audit   'get-proto': [ '1.0.1' ],
75 silly audit   'get-stream': [ '6.0.1' ],
75 silly audit   getenv: [ '2.0.0' ],
75 silly audit   gopd: [ '1.2.0' ],
75 silly audit   'graceful-fs': [ '4.2.11' ],
75 silly audit   handlebars: [ '4.7.9' ],
75 silly audit   'has-flag': [ '4.0.0', '3.0.0' ],
75 silly audit   'has-symbols': [ '1.1.0' ],
75 silly audit   'has-tostringtag': [ '1.0.2' ],
75 silly audit   hasown: [ '2.0.4' ],
75 silly audit   'hermes-compiler': [ '250829098.0.10' ],
75 silly audit   'hermes-estree': [ '0.33.3', '0.35.0' ],
75 silly audit   'hermes-parser': [ '0.33.3', '0.35.0' ],
75 silly audit   'hosted-git-info': [ '7.0.2' ],
75 silly audit   'lru-cache': [ '10.4.3', '5.1.1', '11.5.2' ],
75 silly audit   'html-encoding-sniffer': [ '3.0.0' ],
75 silly audit   'html-escaper': [ '2.0.2' ],
75 silly audit   'http-errors': [ '2.0.1' ],
75 silly audit   statuses: [ '2.0.2', '1.5.0' ],
75 silly audit   'http-proxy-agent': [ '5.0.0' ],
75 silly audit   'https-proxy-agent': [ '7.0.6', '5.0.1' ],
75 silly audit   'human-signals': [ '2.1.0' ],
75 silly audit   'hyphenate-style-name': [ '1.1.0' ],
75 silly audit   'iconv-lite': [ '0.6.3' ],
75 silly audit   ignore: [ '5.3.2' ],
75 silly audit   'image-size': [ '1.2.1' ],
75 silly audit   'import-local': [ '3.2.0' ],
75 silly audit   imurmurhash: [ '0.1.4' ],
75 silly audit   'indent-string': [ '4.0.0' ],
75 silly audit   inflight: [ '1.0.6' ],
75 silly audit   inherits: [ '2.0.4' ],
75 silly audit   'inline-style-prefixer': [ '7.0.1' ],
75 silly audit   invariant: [ '2.2.4' ],
75 silly audit   'is-core-module': [ '2.16.2' ],
75 silly audit   'is-docker': [ '2.2.1' ],
75 silly audit   'is-fullwidth-code-point': [ '3.0.0' ],
75 silly audit   'is-generator-fn': [ '2.1.0' ],
75 silly audit   'is-number': [ '7.0.0' ],
75 silly audit   'is-plain-obj': [ '2.1.0' ],
75 silly audit   'is-potential-custom-element-name': [ '1.0.1' ],
75 silly audit   'is-stream': [ '2.0.1' ],
75 silly audit   'is-wsl': [ '2.2.0' ],
75 silly audit   isexe: [ '2.0.0' ],
75 silly audit   'istanbul-lib-coverage': [ '3.2.2' ],
75 silly audit   'istanbul-lib-report': [ '3.0.1' ],
75 silly audit   'istanbul-lib-source-maps': [ '4.0.1' ],
75 silly audit   'istanbul-reports': [ '3.2.0' ],
75 silly audit   jest: [ '29.7.0' ],
75 silly audit   'jest-changed-files': [ '29.7.0' ],
75 silly audit   'jest-circus': [ '29.7.0' ],
75 silly audit   'jest-cli': [ '29.7.0' ],
75 silly audit   'jest-config': [ '29.7.0' ],
75 silly audit   'jest-diff': [ '29.7.0' ],
75 silly audit   'jest-docblock': [ '29.7.0' ],
75 silly audit   'jest-each': [ '29.7.0' ],
75 silly audit   'jest-environment-jsdom': [ '29.7.0' ],
75 silly audit   'jest-environment-node': [ '29.7.0' ],
75 silly audit   'jest-expo': [ '56.0.5' ],
75 silly audit   'jest-get-type': [ '29.6.3' ],
75 silly audit   'jest-haste-map': [ '29.7.0' ],
75 silly audit   'jest-leak-detector': [ '29.7.0' ],
75 silly audit   'jest-matcher-utils': [ '29.7.0' ],
75 silly audit   'jest-message-util': [ '29.7.0' ],
75 silly audit   'jest-mock': [ '29.7.0' ],
75 silly audit   'jest-pnp-resolver': [ '1.2.3' ],
75 silly audit   'jest-regex-util': [ '29.6.3' ],
75 silly audit   'jest-resolve': [ '29.7.0' ],
75 silly audit   'jest-resolve-dependencies': [ '29.7.0' ],
75 silly audit   'jest-runner': [ '29.7.0' ],
75 silly audit   'source-map-support': [ '0.5.13', '0.5.21' ],
75 silly audit   'jest-runtime': [ '29.7.0' ],
75 silly audit   'jest-snapshot': [ '29.7.0' ],
75 silly audit   'jest-util': [ '29.7.0' ],
75 silly audit   'jest-validate': [ '29.7.0' ],
75 silly audit   'jest-watch-select-projects': [ '2.0.0' ],
75 silly audit   'jest-watch-typeahead': [ '2.2.1' ],
75 silly audit   slash: [ '5.1.0', '3.0.0' ],
75 silly audit   'string-length': [ '5.0.1', '4.0.2' ],
75 silly audit   'jest-watcher': [ '29.7.0' ],
75 silly audit   'jest-worker': [ '29.7.0' ],
75 silly audit   'supports-color': [ '8.1.1', '5.5.0', '7.2.0' ],
75 silly audit   'jimp-compact': [ '0.16.1' ],
75 silly audit   'js-tokens': [ '4.0.0' ],
75 silly audit   'jsc-safe-url': [ '0.2.4' ],
75 silly audit   jsdom: [ '20.0.3' ],
75 silly audit   jsesc: [ '3.1.0' ],
75 silly audit   'json-parse-even-better-errors': [ '2.3.1' ],
75 silly audit   json5: [ '2.2.3' ],
75 silly audit   kleur: [ '3.0.3' ],
75 silly audit   'lan-network': [ '0.2.1' ],
75 silly audit   leven: [ '3.1.0' ],
75 silly audit   'lighthouse-logger': [ '1.4.2' ],
75 silly audit   lightningcss: [ '1.33.0' ],
75 silly audit   'lightningcss-android-arm64': [ '1.33.0' ],
75 silly audit   'lightningcss-darwin-arm64': [ '1.33.0' ],
75 silly audit   'lightningcss-darwin-x64': [ '1.33.0' ],
75 silly audit   'lightningcss-freebsd-x64': [ '1.33.0' ],
75 silly audit   'lightningcss-linux-arm-gnueabihf': [ '1.33.0' ],
75 silly audit   'lightningcss-linux-arm64-gnu': [ '1.33.0' ],
75 silly audit   'lightningcss-linux-arm64-musl': [ '1.33.0' ],
75 silly audit   'lightningcss-linux-x64-gnu': [ '1.33.0' ],
75 silly audit   'lightningcss-linux-x64-musl': [ '1.33.0' ],
75 silly audit   'lightningcss-win32-arm64-msvc': [ '1.33.0' ],
75 silly audit   'lightningcss-win32-x64-msvc': [ '1.33.0' ],
75 silly audit   'lines-and-columns': [ '1.2.4' ],
75 silly audit   'locate-path': [ '5.0.0' ],
75 silly audit   lodash: [ '4.18.1' ],
75 silly audit   'lodash.debounce': [ '4.0.8' ],
75 silly audit   'lodash.memoize': [ '4.1.2' ],
75 silly audit   'lodash.throttle': [ '4.1.1' ],
75 silly audit   'log-symbols': [ '2.2.0' ],
75 silly audit   'loose-envify': [ '1.4.0' ],
75 silly audit   'lz-string': [ '1.5.0' ],
75 silly audit   'make-dir': [ '4.0.0' ],
75 silly audit   'make-error': [ '1.3.6' ],
75 silly audit   makeerror: [ '1.0.12' ],
75 silly audit   marky: [ '1.3.0' ],
75 silly audit   'math-intrinsics': [ '1.1.0' ],
75 silly audit   'memoize-one': [ '5.2.1', '6.0.0' ],
75 silly audit   'merge-options': [ '3.0.4' ],
75 silly audit   'merge-stream': [ '2.0.0' ],
75 silly audit   metro: [ '0.84.4' ],
75 silly audit   'metro-babel-transformer': [ '0.84.4' ],
75 silly audit   'metro-cache': [ '0.84.4' ],
75 silly audit   'metro-cache-key': [ '0.84.4' ],
75 silly audit   'metro-config': [ '0.84.4' ],
75 silly audit   'metro-core': [ '0.84.4' ],
75 silly audit   'metro-file-map': [ '0.84.4' ],
75 silly audit   'metro-minify-terser': [ '0.84.4' ],
75 silly audit   'metro-resolver': [ '0.84.4' ],
75 silly audit   'metro-runtime': [ '0.84.4' ],
75 silly audit   'metro-source-map': [ '0.84.4' ],
75 silly audit   'metro-symbolicate': [ '0.84.4' ],
75 silly audit   'metro-transform-plugins': [ '0.84.4' ],
75 silly audit   'metro-transform-worker': [ '0.84.4' ],
75 silly audit   'mime-types': [ '3.0.2', '2.1.35' ],
75 silly audit   micromatch: [ '4.0.8' ],
75 silly audit   mime: [ '1.6.0' ],
75 silly audit   'mime-db': [ '1.54.0', '1.52.0' ],
75 silly audit   'min-indent': [ '1.0.1' ],
75 silly audit   minimist: [ '1.2.8' ],
75 silly audit   minipass: [ '7.1.3' ],
75 silly audit   mkdirp: [ '1.0.4' ],
75 silly audit   multitars: [ '1.0.2' ],
75 silly audit   nanoid: [ '3.3.18' ],
75 silly audit   'natural-compare': [ '1.4.0' ],
75 silly audit   'neo-async': [ '2.6.2' ],
75 silly audit   'node-fetch': [ '2.7.0' ],
75 silly audit   'node-forge': [ '1.4.0' ],
75 silly audit   'node-int64': [ '0.4.0' ],
75 silly audit   'node-releases': [ '2.0.48' ],
75 silly audit   'normalize-path': [ '3.0.0' ],
75 silly audit   'npm-package-arg': [ '11.0.3' ],
75 silly audit   'npm-run-path': [ '4.0.1' ],
75 silly audit   nullthrows: [ '1.1.1' ],
75 silly audit   nwsapi: [ '2.2.24' ],
75 silly audit   ob1: [ '0.84.4' ],
75 silly audit   'object-assign': [ '4.1.1' ],
75 silly audit   'on-finished': [ '2.3.0', '2.4.1' ],
75 silly audit   'on-headers': [ '1.1.0' ],
75 silly audit   once: [ '1.4.0' ],
75 silly audit   open: [ '7.4.2' ],
75 silly audit   ora: [ '3.4.0' ],
75 silly audit   'p-limit': [ '3.1.0', '2.3.0' ],
75 silly audit   'p-locate': [ '4.1.0' ],
75 silly audit   'p-try': [ '2.2.0' ],
75 silly audit   'parse-json': [ '5.2.0' ],
75 silly audit   'parse-png': [ '2.1.0' ],
75 silly audit   parse5: [ '7.3.0' ],
75 silly audit   parseurl: [ '1.3.3' ],
75 silly audit   'path-exists': [ '4.0.0' ],
75 silly audit   'path-is-absolute': [ '1.0.1' ],
75 silly audit   'path-key': [ '3.1.1' ],
75 silly audit   'path-parse': [ '1.0.7' ],
75 silly audit   'path-scurry': [ '2.0.2' ],
75 silly audit   picocolors: [ '1.1.1' ],
75 silly audit   pirates: [ '4.0.7' ],
75 silly audit   'pkg-dir': [ '4.2.0' ],
75 silly audit   plist: [ '3.1.1' ],
75 silly audit   postcss: [ '8.5.26' ],
75 silly audit   'postcss-value-parser': [ '4.2.0' ],
75 silly audit   'proc-log': [ '4.2.0' ],
75 silly audit   progress: [ '2.0.3' ],
75 silly audit   prompts: [ '2.4.2' ],
75 silly audit   psl: [ '1.15.0' ],
75 silly audit   punycode: [ '2.3.1' ],
75 silly audit   'pure-rand': [ '6.1.0' ],
75 silly audit   'query-string': [ '7.1.3' ],
75 silly audit   querystringify: [ '2.2.0' ],
75 silly audit   queue: [ '6.0.2' ],
75 silly audit   'range-parser': [ '1.2.1' ],
75 silly audit   react: [ '19.2.3' ],
75 silly audit   'react-devtools-core': [ '6.1.5' ],
75 silly audit   'react-dom': [ '19.2.3' ],
75 silly audit   'react-fast-compare': [ '3.2.2' ],
75 silly audit   'react-freeze': [ '1.0.4' ],
75 silly audit   'react-native': [ '0.85.3' ],
75 silly audit   'react-native-drawer-layout': [ '4.2.5' ],
75 silly audit   'react-native-gesture-handler': [ '3.0.1' ],
75 silly audit   'react-native-is-edge-to-edge': [ '1.3.1' ],
75 silly audit   'react-native-reanimated': [ '4.3.1' ],
75 silly audit   'react-native-safe-area-context': [ '5.7.0' ],
75 silly audit   'react-native-screens': [ '4.25.2' ],
75 silly audit   'react-native-web': [ '0.21.2' ],
75 silly audit   'react-native-worklets': [ '0.8.3' ],
75 silly audit   'react-refresh': [ '0.14.2' ],
75 silly audit   'react-remove-scroll': [ '2.7.2' ],
75 silly audit   'react-remove-scroll-bar': [ '2.3.8' ],
75 silly audit   'react-style-singleton': [ '2.2.3' ],
75 silly audit   'react-test-renderer': [ '19.2.3' ],
75 silly audit   redent: [ '3.0.0' ],
75 silly audit   regenerate: [ '1.4.2' ],
75 silly audit   'regenerate-unicode-properties': [ '10.2.2' ],
75 silly audit   'regenerator-runtime': [ '0.13.11' ],
75 silly audit   'regexpu-core': [ '6.4.0' ],
75 silly audit   regjsgen: [ '0.8.0' ],
75 silly audit   regjsparser: [ '0.13.2' ],
75 silly audit   'require-directory': [ '2.1.1' ],
75 silly audit   'requires-port': [ '3.0.0' ],
75 silly audit   resolve: [ '1.22.12' ],
75 silly audit   'resolve-cwd': [ '3.0.0' ],
75 silly audit   'resolve-from': [ '5.0.0' ],
75 silly audit   'resolve-workspace-root': [ '2.0.1' ],
75 silly audit   'resolve.exports': [ '2.0.3' ],
75 silly audit   'restore-cursor': [ '2.0.0' ],
75 silly audit   'safe-buffer': [ '5.2.1' ],
75 silly audit   'safer-buffer': [ '2.1.2' ],
75 silly audit   sax: [ '1.6.1' ],
75 silly audit   saxes: [ '6.0.0' ],
75 silly audit   scheduler: [ '0.27.0' ],
75 silly audit   send: [ '0.19.2' ],
75 silly audit   'serialize-error': [ '2.1.0' ],
75 silly audit   'serve-static': [ '1.16.3' ],
75 silly audit   'server-only': [ '0.0.1' ],
75 silly audit   setimmediate: [ '1.0.5' ],
75 silly audit   setprototypeof: [ '1.2.0' ],
75 silly audit   'sf-symbols-typescript': [ '2.2.0' ],
75 silly audit   shallowequal: [ '1.1.0' ],
75 silly audit   'shebang-command': [ '2.0.0' ],
75 silly audit   'shebang-regex': [ '3.0.0' ],
75 silly audit   'shell-quote': [ '1.10.0' ],
75 silly audit   'signal-exit': [ '3.0.7' ],
75 silly audit   'simple-plist': [ '1.3.1' ],
75 silly audit   'simple-swizzle': [ '0.2.4' ],
75 silly audit   sisteransi: [ '1.0.5' ],
75 silly audit   slugify: [ '1.6.9' ],
75 silly audit   'source-map-js': [ '1.2.1' ],
75 silly audit   'split-on-first': [ '1.1.0' ],
75 silly audit   'sprintf-js': [ '1.0.3' ],
75 silly audit   'stack-generator': [ '2.0.10' ],
75 silly audit   'stack-utils': [ '2.0.6' ],
75 silly audit   stackframe: [ '1.3.4' ],
75 silly audit   'stacktrace-gps': [ '3.1.2' ],
75 silly audit   'stacktrace-js': [ '2.0.2' ],
75 silly audit   'stacktrace-parser': [ '0.1.11' ],
75 silly audit   'standard-navigation': [ '0.0.5' ],
75 silly audit   'stream-buffers': [ '2.2.0' ],
75 silly audit   'strict-uri-encode': [ '2.0.0' ],
75 silly audit   'string-width': [ '4.2.3' ],
75 silly audit   'strip-bom': [ '4.0.0' ],
75 silly audit   'strip-final-newline': [ '2.0.0' ],
75 silly audit   'strip-indent': [ '3.0.0' ],
75 silly audit   'strip-json-comments': [ '3.1.1' ],
75 silly audit   'structured-headers': [ '0.4.1' ],
75 silly audit   styleq: [ '0.1.3' ],
75 silly audit   'supports-hyperlinks': [ '2.3.0' ],
75 silly audit   'supports-preserve-symlinks-flag': [ '3.0.0' ],
75 silly audit   'symbol-tree': [ '3.2.4' ],
75 silly audit   'terminal-link': [ '2.1.1' ],
75 silly audit   terser: [ '5.48.0' ],
75 silly audit   'test-exclude': [ '6.0.0' ],
75 silly audit   throat: [ '5.0.0' ],
75 silly audit   tinyglobby: [ '0.2.17' ],
75 silly audit   tmpl: [ '1.0.5' ],
75 silly audit   'to-regex-range': [ '5.0.1' ],
75 silly audit   toidentifier: [ '1.0.1' ],
75 silly audit   toqr: [ '0.1.1' ],
75 silly audit   'tough-cookie': [ '4.1.4' ],
75 silly audit   'ts-jest': [ '29.4.11' ],
75 silly audit   tslib: [ '2.8.1' ],
75 silly audit   'type-detect': [ '4.0.8' ],
75 silly audit   typescript: [ '6.0.3' ],
75 silly audit   'ua-parser-js': [ '1.0.41' ],
75 silly audit   'uglify-js': [ '3.19.3' ],
75 silly audit   'undici-types': [ '7.24.6' ],
75 silly audit   'unicode-canonical-property-names-ecmascript': [ '2.0.1' ],
75 silly audit   'unicode-match-property-ecmascript': [ '2.0.0' ],
75 silly audit   'unicode-match-property-value-ecmascript': [ '2.2.1' ],
75 silly audit   'unicode-property-aliases-ecmascript': [ '2.2.0' ],
75 silly audit   universalify: [ '0.2.0' ],
75 silly audit   unpipe: [ '3.0.0' ],
75 silly audit   'update-browserslist-db': [ '1.2.3' ],
75 silly audit   'url-parse': [ '1.5.10' ],
75 silly audit   'use-callback-ref': [ '1.3.3' ],
75 silly audit   'use-latest-callback': [ '0.2.6' ],
75 silly audit   'use-sidecar': [ '1.1.3' ],
75 silly audit   'utils-merge': [ '1.0.1' ],
75 silly audit   uuid: [ '7.0.3' ],
75 silly audit   'v8-to-istanbul': [ '9.3.0' ],
75 silly audit   'validate-npm-package-name': [ '5.0.1' ],
75 silly audit   vary: [ '1.1.2' ],
75 silly audit   vaul: [ '1.1.2' ],
75 silly audit   vlq: [ '1.0.1' ],
75 silly audit   'w3c-xmlserializer': [ '4.0.0' ],
75 silly audit   walker: [ '1.0.8' ],
75 silly audit   'warn-once': [ '0.1.1' ],
75 silly audit   wcwidth: [ '1.0.1' ],
75 silly audit   'whatwg-encoding': [ '2.0.0' ],
75 silly audit   'whatwg-fetch': [ '3.6.20' ],
75 silly audit   'whatwg-mimetype': [ '3.0.0' ],
75 silly audit   'whatwg-url-minimum': [ '0.1.2' ],
75 silly audit   which: [ '2.0.2' ],
75 silly audit   wordwrap: [ '3.0.0' ],
75 silly audit   'wrap-ansi': [ '7.0.0' ],
75 silly audit   wrappy: [ '1.0.2' ],
75 silly audit   'write-file-atomic': [ '4.0.2' ],
75 silly audit   xcode: [ '3.0.1' ],
75 silly audit   'xml-name-validator': [ '4.0.0' ],
75 silly audit   xml2js: [ '0.6.0' ],
75 silly audit   xmlbuilder: [ '11.0.1', '15.1.1' ],
75 silly audit   xmlchars: [ '2.2.0' ],
75 silly audit   y18n: [ '5.0.8' ],
75 silly audit   yallist: [ '3.1.1' ],
75 silly audit   yaml: [ '2.9.0' ],
75 silly audit   yargs: [ '17.7.2' ],
75 silly audit   'yargs-parser': [ '21.1.1' ],
75 silly audit   'yocto-queue': [ '0.1.0' ],
75 silly audit   zod: [ '3.25.76' ],
75 silly audit   pngjs: [ '7.0.0', '3.4.0' ]
75 silly audit }
76 verbose reify failed optional dependency /home/emre/Projects/SourDough/SourDoughMobile/node_modules/lightningcss-win32-x64-msvc
77 silly reify mark deleted [
77 silly reify   '/home/emre/Projects/SourDough/SourDoughMobile/node_modules/lightningcss-win32-x64-msvc'
77 silly reify ]
78 verbose reify failed optional dependency /home/emre/Projects/SourDough/SourDoughMobile/node_modules/lightningcss-win32-arm64-msvc
79 silly reify mark deleted [
79 silly reify   '/home/emre/Projects/SourDough/SourDoughMobile/node_modules/lightningcss-win32-arm64-msvc'
79 silly reify ]
80 verbose reify failed optional dependency /home/emre/Projects/SourDough/SourDoughMobile/node_modules/lightningcss-linux-arm64-musl
81 silly reify mark deleted [
81 silly reify   '/home/emre/Projects/SourDough/SourDoughMobile/node_modules/lightningcss-linux-arm64-musl'
81 silly reify ]
82 verbose reify failed optional dependency /home/emre/Projects/SourDough/SourDoughMobile/node_modules/lightningcss-linux-arm64-gnu
83 silly reify mark deleted [
83 silly reify   '/home/emre/Projects/SourDough/SourDoughMobile/node_modules/lightningcss-linux-arm64-gnu'
83 silly reify ]
84 verbose reify failed optional dependency /home/emre/Projects/SourDough/SourDoughMobile/node_modules/lightningcss-linux-arm-gnueabihf
85 silly reify mark deleted [
85 silly reify   '/home/emre/Projects/SourDough/SourDoughMobile/node_modules/lightningcss-linux-arm-gnueabihf'
85 silly reify ]
86 verbose reify failed optional dependency /home/emre/Projects/SourDough/SourDoughMobile/node_modules/lightningcss-freebsd-x64
87 silly reify mark deleted [
87 silly reify   '/home/emre/Projects/SourDough/SourDoughMobile/node_modules/lightningcss-freebsd-x64'
87 silly reify ]
88 verbose reify failed optional dependency /home/emre/Projects/SourDough/SourDoughMobile/node_modules/lightningcss-darwin-x64
89 silly reify mark deleted [
89 silly reify   '/home/emre/Projects/SourDough/SourDoughMobile/node_modules/lightningcss-darwin-x64'
89 silly reify ]
90 verbose reify failed optional dependency /home/emre/Projects/SourDough/SourDoughMobile/node_modules/lightningcss-darwin-arm64
91 silly reify mark deleted [
91 silly reify   '/home/emre/Projects/SourDough/SourDoughMobile/node_modules/lightningcss-darwin-arm64'
91 silly reify ]
92 verbose reify failed optional dependency /home/emre/Projects/SourDough/SourDoughMobile/node_modules/lightningcss-android-arm64
93 silly reify mark deleted [
93 silly reify   '/home/emre/Projects/SourDough/SourDoughMobile/node_modules/lightningcss-android-arm64'
93 silly reify ]
94 verbose reify failed optional dependency /home/emre/Projects/SourDough/SourDoughMobile/node_modules/fsevents
95 silly reify mark deleted [
95 silly reify   '/home/emre/Projects/SourDough/SourDoughMobile/node_modules/fsevents'
95 silly reify ]
96 http fetch POST 200 https://registry.npmjs.org/-/npm/v1/security/advisories/bulk 929ms
97 silly audit report {
97 silly audit report   'image-size': [
97 silly audit report     {
97 silly audit report       id: 1138808,
97 silly audit report       url: 'https://github.com/advisories/GHSA-w3rx-r6r6-pgpr',
97 silly audit report       title: 'image-size: ICNS parser allows denial of service through an infinite loop',
97 silly audit report       severity: 'high',
97 silly audit report       vulnerable_versions: '<=2.0.2',
97 silly audit report       cwe: [Array],
97 silly audit report       cvss: [Object]
97 silly audit report     },
97 silly audit report     {
97 silly audit report       id: 1138809,
97 silly audit report       url: 'https://github.com/advisories/GHSA-5p2g-fcmc-qvqq',
97 silly audit report       title: 'image-size: JXL and HEIF parsers allow denial of service through infinite loops',
97 silly audit report       severity: 'high',
97 silly audit report       vulnerable_versions: '<=2.0.2',
97 silly audit report       cwe: [Array],
97 silly audit report       cvss: [Object]
97 silly audit report     }
97 silly audit report   ],
97 silly audit report   uuid: [
97 silly audit report     {
97 silly audit report       id: 1119441,
97 silly audit report       url: 'https://github.com/advisories/GHSA-w5hq-g745-h8pq',
97 silly audit report       title: 'uuid: Missing buffer bounds check in v3/v5/v6 when buf is provided',
97 silly audit report       severity: 'moderate',
97 silly audit report       vulnerable_versions: '<11.1.1',
97 silly audit report       cwe: [Array],
97 silly audit report       cvss: [Object]
97 silly audit report     }
97 silly audit report   ]
97 silly audit report }
98 silly packumentCache corgi:https://registry.npmjs.org/image-size cache-miss
99 silly packumentCache corgi:https://registry.npmjs.org/uuid cache-miss
100 http cache https://registry.npmjs.org/image-size 8ms (cache hit)
101 silly packumentCache corgi:https://registry.npmjs.org/image-size set size:76086 disposed:false
102 http cache https://registry.npmjs.org/uuid 11ms (cache hit)
103 silly packumentCache corgi:https://registry.npmjs.org/uuid set size:82973 disposed:false
104 silly packumentCache corgi:https://registry.npmjs.org/metro cache-miss
105 http cache https://registry.npmjs.org/metro 4ms (cache hit)
106 silly packumentCache corgi:https://registry.npmjs.org/metro set size:542209 disposed:false
107 silly packumentCache corgi:https://registry.npmjs.org/xcode cache-miss
108 http cache https://registry.npmjs.org/xcode 7ms (cache hit)
109 silly packumentCache corgi:https://registry.npmjs.org/xcode set size:1850340 disposed:false
110 silly packumentCache corgi:https://registry.npmjs.org/@expo%2fmetro cache-miss
111 silly packumentCache corgi:https://registry.npmjs.org/@react-native%2fcommunity-cli-plugin cache-miss
112 silly packumentCache corgi:https://registry.npmjs.org/metro-config cache-miss
113 silly packumentCache corgi:https://registry.npmjs.org/metro-transform-worker cache-miss
114 http cache https://registry.npmjs.org/@expo%2fmetro 9ms (cache hit)
115 silly packumentCache corgi:https://registry.npmjs.org/@expo%2fmetro set size:16338 disposed:false
116 http cache https://registry.npmjs.org/metro-config 9ms (cache hit)
117 silly packumentCache corgi:https://registry.npmjs.org/metro-config set size:194430 disposed:false
118 http cache https://registry.npmjs.org/metro-transform-worker 12ms (cache hit)
119 silly packumentCache corgi:https://registry.npmjs.org/metro-transform-worker set size:154090 disposed:false
120 http cache https://registry.npmjs.org/@react-native%2fcommunity-cli-plugin 17ms (cache hit)
121 silly packumentCache corgi:https://registry.npmjs.org/@react-native%2fcommunity-cli-plugin set size:1313330 disposed:false
122 silly packumentCache corgi:https://registry.npmjs.org/@expo%2fconfig-plugins cache-miss
123 http cache https://registry.npmjs.org/@expo%2fconfig-plugins 4ms (cache hit)
124 silly packumentCache corgi:https://registry.npmjs.org/@expo%2fconfig-plugins set size:442066 disposed:false
125 silly packumentCache corgi:https://registry.npmjs.org/@expo%2fmetro-config cache-miss
126 silly packumentCache corgi:https://registry.npmjs.org/expo cache-miss
127 silly packumentCache corgi:https://registry.npmjs.org/@expo%2fcli cache-miss
128 http cache https://registry.npmjs.org/@expo%2fmetro-config 8ms (cache hit)
129 silly packumentCache corgi:https://registry.npmjs.org/@expo%2fmetro-config set size:623452 disposed:false
130 http cache https://registry.npmjs.org/expo 16ms (cache hit)
131 silly packumentCache corgi:https://registry.npmjs.org/expo set size:1846342 disposed:false
132 http cache https://registry.npmjs.org/@expo%2fcli 43ms (cache hit)
133 silly packumentCache corgi:https://registry.npmjs.org/@expo%2fcli set size:1769083 disposed:false
134 silly packumentCache corgi:https://registry.npmjs.org/@react-native%2fmetro-config cache-miss
135 http cache https://registry.npmjs.org/@react-native%2fmetro-config 21ms (cache hit)
136 silly packumentCache corgi:https://registry.npmjs.org/@react-native%2fmetro-config set size:994828 disposed:false
137 silly packumentCache corgi:https://registry.npmjs.org/react-native cache-miss
138 http cache https://registry.npmjs.org/react-native 19ms (cache hit)
139 silly packumentCache corgi:https://registry.npmjs.org/react-native set size:7172155 disposed:false
140 silly packumentCache corgi:https://registry.npmjs.org/@expo%2fconfig cache-miss
141 silly packumentCache corgi:https://registry.npmjs.org/@expo%2finline-modules cache-miss
142 silly packumentCache corgi:https://registry.npmjs.org/@expo%2fprebuild-config cache-miss
143 silly packumentCache corgi:https://registry.npmjs.org/expo-splash-screen cache-miss
144 http cache https://registry.npmjs.org/@expo%2fconfig 22ms (cache hit)
145 silly packumentCache corgi:https://registry.npmjs.org/@expo%2fconfig set size:567491 disposed:false
146 http cache https://registry.npmjs.org/expo-splash-screen 28ms (cache hit)
147 silly packumentCache corgi:https://registry.npmjs.org/expo-splash-screen set size:301685 disposed:false
148 http cache https://registry.npmjs.org/@expo%2finline-modules 32ms (cache hit)
149 silly packumentCache corgi:https://registry.npmjs.org/@expo%2finline-modules set size:36020 disposed:false
150 http cache https://registry.npmjs.org/@expo%2fprebuild-config 33ms (cache hit)
151 silly packumentCache corgi:https://registry.npmjs.org/@expo%2fprebuild-config set size:417110 disposed:false
152 silly packumentCache corgi:https://registry.npmjs.org/@expo%2fdom-webview cache-miss
153 silly packumentCache corgi:https://registry.npmjs.org/@expo%2flog-box cache-miss
154 silly packumentCache corgi:https://registry.npmjs.org/@expo%2fmetro-runtime cache-miss
155 silly packumentCache corgi:https://registry.npmjs.org/@expo%2fui cache-miss
156 silly packumentCache corgi:https://registry.npmjs.org/babel-preset-expo cache-miss
157 silly packumentCache corgi:https://registry.npmjs.org/expo-asset cache-miss
158 silly packumentCache corgi:https://registry.npmjs.org/expo-constants cache-miss
159 silly packumentCache corgi:https://registry.npmjs.org/expo-file-system cache-miss
160 silly packumentCache corgi:https://registry.npmjs.org/expo-font cache-miss
161 silly packumentCache corgi:https://registry.npmjs.org/expo-glass-effect cache-miss
162 silly packumentCache corgi:https://registry.npmjs.org/expo-keep-awake cache-miss
163 silly packumentCache corgi:https://registry.npmjs.org/expo-location cache-miss
164 silly packumentCache corgi:https://registry.npmjs.org/expo-router cache-miss
165 silly packumentCache corgi:https://registry.npmjs.org/expo-status-bar cache-miss
166 silly packumentCache corgi:https://registry.npmjs.org/expo-store-review cache-miss
167 silly packumentCache corgi:https://registry.npmjs.org/expo-symbols cache-miss
168 silly packumentCache corgi:https://registry.npmjs.org/@expo%2frouter-server cache-miss
169 silly packumentCache corgi:https://registry.npmjs.org/jest-expo cache-miss
170 http cache https://registry.npmjs.org/@expo%2fmetro-runtime 104ms (cache hit)
171 silly packumentCache corgi:https://registry.npmjs.org/@expo%2fmetro-runtime set size:222982 disposed:false
172 http cache https://registry.npmjs.org/@expo%2flog-box 107ms (cache hit)
173 silly packumentCache corgi:https://registry.npmjs.org/@expo%2flog-box set size:104777 disposed:false
174 http cache https://registry.npmjs.org/@expo%2fui 109ms (cache hit)
175 silly packumentCache corgi:https://registry.npmjs.org/@expo%2fui set size:187004 disposed:false
176 http cache https://registry.npmjs.org/babel-preset-expo 112ms (cache hit)
177 silly packumentCache corgi:https://registry.npmjs.org/babel-preset-expo set size:624745 disposed:false
178 http cache https://registry.npmjs.org/@expo%2fdom-webview 124ms (cache hit)
179 silly packumentCache corgi:https://registry.npmjs.org/@expo%2fdom-webview set size:107027 disposed:false
180 http cache https://registry.npmjs.org/expo-keep-awake 124ms (cache hit)
181 silly packumentCache corgi:https://registry.npmjs.org/expo-keep-awake set size:201665 disposed:false
182 http cache https://registry.npmjs.org/expo-asset 130ms (cache hit)
183 silly packumentCache corgi:https://registry.npmjs.org/expo-asset set size:331896 disposed:false
184 http cache https://registry.npmjs.org/expo-glass-effect 135ms (cache hit)
185 silly packumentCache corgi:https://registry.npmjs.org/expo-glass-effect set size:94276 disposed:false
186 http cache https://registry.npmjs.org/expo-font 139ms (cache hit)
187 silly packumentCache corgi:https://registry.npmjs.org/expo-font set size:256227 disposed:false
188 http cache https://registry.npmjs.org/expo-constants 145ms (cache hit)
189 silly packumentCache corgi:https://registry.npmjs.org/expo-constants set size:314777 disposed:false
190 http cache https://registry.npmjs.org/expo-file-system 151ms (cache hit)
191 silly packumentCache corgi:https://registry.npmjs.org/expo-file-system set size:308912 disposed:false
192 http cache https://registry.npmjs.org/expo-store-review 154ms (cache hit)
193 silly packumentCache corgi:https://registry.npmjs.org/expo-store-review set size:192947 disposed:false
194 http cache https://registry.npmjs.org/expo-status-bar 159ms (cache hit)
195 silly packumentCache corgi:https://registry.npmjs.org/expo-status-bar set size:207194 disposed:false
196 http cache https://registry.npmjs.org/expo-router 163ms (cache hit)
197 silly packumentCache corgi:https://registry.npmjs.org/expo-router set size:1026682 disposed:false
198 http cache https://registry.npmjs.org/@expo%2frouter-server 173ms (cache hit)
199 silly packumentCache corgi:https://registry.npmjs.org/@expo%2frouter-server set size:132179 disposed:false
200 http cache https://registry.npmjs.org/expo-symbols 176ms (cache hit)
201 silly packumentCache corgi:https://registry.npmjs.org/expo-symbols set size:161690 disposed:false
202 http cache https://registry.npmjs.org/jest-expo 180ms (cache hit)
203 silly packumentCache corgi:https://registry.npmjs.org/jest-expo set size:459612 disposed:false
204 http cache https://registry.npmjs.org/expo-location 188ms (cache hit)
205 silly packumentCache corgi:https://registry.npmjs.org/expo-location set size:266464 disposed:false
206 silly packumentCache corgi:https://registry.npmjs.org/react-native-worklets cache-miss
207 http cache https://registry.npmjs.org/react-native-worklets 19ms (cache hit)
208 silly packumentCache corgi:https://registry.npmjs.org/react-native-worklets set size:966907 disposed:false
209 silly packumentCache corgi:https://registry.npmjs.org/@expo%2fdevtools cache-miss
210 silly packumentCache corgi:https://registry.npmjs.org/@react-native-async-storage%2fasync-storage cache-miss
211 silly packumentCache corgi:https://registry.npmjs.org/@react-native-masked-view%2fmasked-view cache-miss
212 silly packumentCache corgi:https://registry.npmjs.org/@react-native%2fvirtualized-lists cache-miss
213 silly packumentCache corgi:https://registry.npmjs.org/expo-linking cache-miss
214 silly packumentCache corgi:https://registry.npmjs.org/expo-modules-core cache-miss
215 silly packumentCache corgi:https://registry.npmjs.org/expo-modules-jsi cache-miss
216 silly packumentCache corgi:https://registry.npmjs.org/react-native-drawer-layout cache-miss
217 silly packumentCache corgi:https://registry.npmjs.org/react-native-gesture-handler cache-miss
218 silly packumentCache corgi:https://registry.npmjs.org/react-native-is-edge-to-edge cache-miss
219 silly packumentCache corgi:https://registry.npmjs.org/react-native-reanimated cache-miss
220 silly packumentCache corgi:https://registry.npmjs.org/react-native-safe-area-context cache-miss
221 silly packumentCache corgi:https://registry.npmjs.org/react-native-screens cache-miss
222 http cache https://registry.npmjs.org/@react-native-async-storage%2fasync-storage 118ms (cache hit)
223 silly packumentCache corgi:https://registry.npmjs.org/@react-native-async-storage%2fasync-storage set size:153015 disposed:false
224 http cache https://registry.npmjs.org/@react-native-masked-view%2fmasked-view 122ms (cache hit)
225 silly packumentCache corgi:https://registry.npmjs.org/@react-native-masked-view%2fmasked-view set size:20521 disposed:false
226 http cache https://registry.npmjs.org/expo-modules-jsi 124ms (cache hit)
227 silly packumentCache corgi:https://registry.npmjs.org/expo-modules-jsi set size:26624 disposed:false
228 http cache https://registry.npmjs.org/expo-modules-core 127ms (cache hit)
229 silly packumentCache corgi:https://registry.npmjs.org/expo-modules-core set size:381005 disposed:false
230 http cache https://registry.npmjs.org/@react-native%2fvirtualized-lists 136ms (cache hit)
231 silly packumentCache corgi:https://registry.npmjs.org/@react-native%2fvirtualized-lists set size:1052852 disposed:false
232 http cache https://registry.npmjs.org/react-native-gesture-handler 163ms (cache hit)
233 silly packumentCache corgi:https://registry.npmjs.org/react-native-gesture-handler set size:554043 disposed:false
234 http cache https://registry.npmjs.org/react-native-reanimated 175ms (cache hit)
235 silly packumentCache corgi:https://registry.npmjs.org/react-native-reanimated set size:4359385 disposed:false
236 http cache https://registry.npmjs.org/@expo%2fdevtools 223ms (cache hit)
237 silly packumentCache corgi:https://registry.npmjs.org/@expo%2fdevtools set size:75196 disposed:false
238 http cache https://registry.npmjs.org/react-native-drawer-layout 225ms (cache hit)
239 silly packumentCache corgi:https://registry.npmjs.org/react-native-drawer-layout set size:112170 disposed:false
240 http cache https://registry.npmjs.org/react-native-is-edge-to-edge 226ms (cache hit)
241 silly packumentCache corgi:https://registry.npmjs.org/react-native-is-edge-to-edge set size:12503 disposed:false
242 http cache https://registry.npmjs.org/expo-linking 229ms (cache hit)
243 silly packumentCache corgi:https://registry.npmjs.org/expo-linking set size:232058 disposed:false
244 http cache https://registry.npmjs.org/react-native-safe-area-context 231ms (cache hit)
245 silly packumentCache corgi:https://registry.npmjs.org/react-native-safe-area-context set size:308827 disposed:false
246 http cache https://registry.npmjs.org/react-native-screens 238ms (cache hit)
247 silly packumentCache corgi:https://registry.npmjs.org/react-native-screens set size:1481265 disposed:false
248 silly packumentCache corgi:https://registry.npmjs.org/@expo%2flocal-build-cache-provider cache-miss
249 http cache https://registry.npmjs.org/@expo%2flocal-build-cache-provider 19ms (cache hit)
250 silly packumentCache corgi:https://registry.npmjs.org/@expo%2flocal-build-cache-provider set size:68059 disposed:false
251 silly ADD
252 silly ADD
253 silly ADD
254 silly ADD
255 silly ADD
256 silly ADD
257 silly ADD
258 silly ADD
259 silly ADD
260 silly ADD
261 verbose cwd /home/emre/Projects/SourDough/SourDoughMobile
262 verbose os Linux 7.1.8-200.fc44.x86_64
263 verbose node v22.23.1
264 verbose npm  v10.9.8
265 verbose exit 0
266 info ok
